../Drivers/CMSIS/Include/core_cm7.h:2229:22:SCB_EnableICache	1
../Core/Src/main.c:334:17:audio_peak_u16	4
../Core/Src/main.c:347:13:capture_reset	1
../Core/Src/main.c:367:13:capture_stats_compute	4
../Core/Src/main.c:396:13:process_audio_block_capture	11
../Core/Src/main.c:447:13:capture_debug_extract	5
../Core/Src/main.c:474:13:model_audio_reset	1
../Core/Src/main.c:485:13:model_audio_prepare_from_capture	3
../Core/Src/main.c:511:13:model_float_reset	1
../Core/Src/main.c:523:13:model_float_prepare_from_model_audio	5
../Core/Src/main.c:551:13:frames_reset	1
../Core/Src/main.c:569:14:frame_abs_mean	3
../Core/Src/main.c:582:13:frames_prepare_from_float	3
../Core/Src/main.c:610:13:hamming_reset	1
../Core/Src/main.c:635:13:hamming_prepare	4
../Core/Src/main.c:685:13:spectrum_reset	1
../Core/Src/main.c:704:13:spectrum_prepare_from_frame0	5
../Core/Src/main.c:751:13:spectrum_all_reset	1
../Core/Src/main.c:780:13:spectrum_all_prepare_from_frames	24
../Core/Src/main.c:852:13:mel_all_reset	1
../Core/Src/main.c:881:13:mel_all_prepare_from_spectra	26
../Core/Src/main.c:967:13:mfcc_reset	1
../Core/Src/main.c:989:13:mfcc_prepare_from_frames	12
../Core/Src/main.c:1071:15:clamp_int8	3
../Core/Src/main.c:1078:13:model_q7_reset	1
../Core/Src/main.c:1097:13:model_q7_prepare_from_mfcc	5
../Core/Src/main.c:1135:13:pre_roll_push_block	3
../Core/Src/main.c:1146:13:pre_roll_copy_to_capture	3
../Core/Src/main.c:1161:6:BSP_AUDIO_IN_HalfTransfer_CallBack	1
../Core/Src/main.c:1167:6:BSP_AUDIO_IN_TransferComplete_CallBack	1
../Core/Src/main.c:1178:5:main	10
../Core/Src/main.c:1419:6:SystemClock_Config	4
../Core/Src/main.c:1476:13:MX_GPIO_Init	1
../Core/Src/main.c:1510:6:Error_Handler	1
