Archive member included to satisfy reference by file (symbol)

../Middlewares/ST/AI/Lib\NetworkRuntime1020_CM7_GCC.a(ai_platform.o)
                              ./X-CUBE-AI/App/network.o (ai_buffer_array_item_set_address)
../Middlewares/ST/AI/Lib\NetworkRuntime1020_CM7_GCC.a(ai_platform_interface.o)
                              ./X-CUBE-AI/App/network.o (ai_platform_get_weights_map)
../Middlewares/ST/AI/Lib\NetworkRuntime1020_CM7_GCC.a(core_common.o)
                              ../Middlewares/ST/AI/Lib\NetworkRuntime1020_CM7_GCC.a(ai_platform_interface.o) (core_init)
../Middlewares/ST/AI/Lib\NetworkRuntime1020_CM7_GCC.a(core_mem_manager.o)
                              ../Middlewares/ST/AI/Lib\NetworkRuntime1020_CM7_GCC.a(ai_platform_interface.o) (core_mem_alloc)
../Middlewares/ST/AI/Lib\NetworkRuntime1020_CM7_GCC.a(layers.o)
                              ../Middlewares/ST/AI/Lib\NetworkRuntime1020_CM7_GCC.a(ai_platform_interface.o) (ai_check_custom_types)
../Middlewares/ST/AI/Lib\NetworkRuntime1020_CM7_GCC.a(layers_conv2d_sssa8_ch.o)
                              ./X-CUBE-AI/App/network.o (forward_conv2d_sssa8_ch_nl_pool)
../Middlewares/ST/AI/Lib\NetworkRuntime1020_CM7_GCC.a(layers_conv2d_stm32_integer.o)
                              ./X-CUBE-AI/App/network.o (forward_dense_integer_SSSA_ch)
../Middlewares/ST/AI/Lib\NetworkRuntime1020_CM7_GCC.a(layers_nl_stm32_integer.o)
                              ./X-CUBE-AI/App/network.o (forward_sm_integer)
../Middlewares/ST/AI/Lib\NetworkRuntime1020_CM7_GCC.a(layers_pool_stm32_integer.o)
                              ./X-CUBE-AI/App/network.o (pool_func_mp_array_integer_INT8)
../Middlewares/ST/AI/Lib\NetworkRuntime1020_CM7_GCC.a(layers_conv2d_integer_scratch.o)
                              ../Middlewares/ST/AI/Lib\NetworkRuntime1020_CM7_GCC.a(layers.o) (get_dense_scratch_size_s8)
../Middlewares/ST/AI/Lib\NetworkRuntime1020_CM7_GCC.a(forward_lite_dense_is8os8ws8_ch.o)
                              ../Middlewares/ST/AI/Lib\NetworkRuntime1020_CM7_GCC.a(layers_conv2d_stm32_integer.o) (forward_lite_dense_is8os8ws8_ch)
../Middlewares/ST/AI/Lib\NetworkRuntime1020_CM7_GCC.a(forward_lite_dense_is8os8ws8.o)
                              ../Middlewares/ST/AI/Lib\NetworkRuntime1020_CM7_GCC.a(layers_conv2d_stm32_integer.o) (forward_lite_dense_is8os8ws8)
../Middlewares/ST/AI/Lib\NetworkRuntime1020_CM7_GCC.a(forward_lite_maxpool_is8os8_scalepos.o)
                              ../Middlewares/ST/AI/Lib\NetworkRuntime1020_CM7_GCC.a(layers_pool_stm32_integer.o) (forward_lite_maxpool_is8os8_scalepos)
../Middlewares/ST/AI/Lib\NetworkRuntime1020_CM7_GCC.a(forward_lite_avepool_is8os8.o)
                              ../Middlewares/ST/AI/Lib\NetworkRuntime1020_CM7_GCC.a(layers_pool_stm32_integer.o) (forward_lite_avepool_is8os8)
../Middlewares/ST/AI/Lib\NetworkRuntime1020_CM7_GCC.a(forward_lite_conv2d_sssa8_ch.o)
                              ../Middlewares/ST/AI/Lib\NetworkRuntime1020_CM7_GCC.a(layers_conv2d_sssa8_ch.o) (forward_lite_conv2d_dilated_sssa8_ch)
../Middlewares/ST/AI/Lib\NetworkRuntime1020_CM7_GCC.a(forward_lite_maxpool_is16os16.o)
                              ../Middlewares/ST/AI/Lib\NetworkRuntime1020_CM7_GCC.a(layers_pool_stm32_integer.o) (forward_lite_maxpool_is16os16_scalepos)
../Middlewares/ST/AI/Lib\NetworkRuntime1020_CM7_GCC.a(forward_lite_maxpool_is8os8.o)
                              ../Middlewares/ST/AI/Lib\NetworkRuntime1020_CM7_GCC.a(layers_pool_stm32_integer.o) (forward_lite_maxpool_is8os8_scaleneg)
../Middlewares/ST/AI/Lib\NetworkRuntime1020_CM7_GCC.a(forward_lite_maxpool_iu16ou16.o)
                              ../Middlewares/ST/AI/Lib\NetworkRuntime1020_CM7_GCC.a(layers_pool_stm32_integer.o) (forward_lite_maxpool_iu16ou16_scalepos)
../Middlewares/ST/AI/Lib\NetworkRuntime1020_CM7_GCC.a(forward_lite_maxpool_iu8ou8.o)
                              ../Middlewares/ST/AI/Lib\NetworkRuntime1020_CM7_GCC.a(layers_pool_stm32_integer.o) (forward_lite_maxpool_iu8ou8_scalepos)
../Middlewares/ST/AI/Lib\NetworkRuntime1020_CM7_GCC.a(lite_nl_generic_integer.o)
                              ../Middlewares/ST/AI/Lib\NetworkRuntime1020_CM7_GCC.a(layers_nl_stm32_integer.o) (forward_lite_nl_softmax_is8os8)
../Middlewares/ST/AI/Lib\NetworkRuntime1020_CM7_GCC.a(st_align_factor.o)
                              ../Middlewares/ST/AI/Lib\NetworkRuntime1020_CM7_GCC.a(layers_conv2d_stm32_integer.o) (align_factor)
../Middlewares/ST/AI/Lib\NetworkRuntime1020_CM7_GCC.a(st_int8_to16_no_shift.o)
                              ../Middlewares/ST/AI/Lib\NetworkRuntime1020_CM7_GCC.a(forward_lite_conv2d_sssa8_ch.o) (st_int8_to16_no_shift)
../Middlewares/ST/AI/Lib\NetworkRuntime1020_CM7_GCC.a(st_padding_opt.o)
                              ../Middlewares/ST/AI/Lib\NetworkRuntime1020_CM7_GCC.a(forward_lite_conv2d_sssa8_ch.o) (ai_padding_opt_init)
../Middlewares/ST/AI/Lib\NetworkRuntime1020_CM7_GCC.a(st_int8_pool.o)
[...]
Memory Configuration

Name             Origin             Length             Attributes
RAM              0x20000000         0x00050000         xrw
FLASH            0x08000000         0x00100000         xr
*default*        0x00000000         0xffffffff

Linker script and memory map

LOAD D:/STM32CubeIDE_1.16.0/STM32CubeIDE/plugins/com.st.stm32cube.ide.mcu.externaltools.gnu-tools-for-stm32.12.3.rel1.win32_1.0.200.202406191623/tools/bin/../lib/gcc/arm-none-eabi/12.3.1/thumb/v7e-m+fp/hard/crti.o
LOAD D:/STM32CubeIDE_1.16.0/STM32CubeIDE/plugins/com.st.stm32cube.ide.mcu.externaltools.gnu-tools-for-stm32.12.3.rel1.win32_1.0.200.202406191623/tools/bin/../lib/gcc/arm-none-eabi/12.3.1/thumb/v7e-m+fp/hard/crtbegin.o
LOAD D:/STM32CubeIDE_1.16.0/STM32CubeIDE/plugins/com.st.stm32cube.ide.mcu.externaltools.gnu-tools-for-stm32.12.3.rel1.win32_1.0.200.202406191623/tools/bin/../lib/gcc/arm-none-eabi/12.3.1/../../../../arm-none-eabi/lib/thumb/v7e-m+fp/hard/crt0.o
LOAD ./Core/Src/main.o
LOAD ./Core/Src/stm32f7xx_hal_msp.o
LOAD ./Core/Src/stm32f7xx_hal_sai.o
LOAD ./Core/Src/stm32f7xx_hal_sai_ex.o
LOAD ./Core/Src/stm32f7xx_hal_uart.o
LOAD ./Core/Src/stm32f7xx_hal_uart_ex.o
LOAD ./Core/Src/stm32f7xx_it.o
LOAD ./Core/Src/sysmem.o
LOAD ./Core/Src/system_stm32f7xx.o
LOAD ./Core/Startup/startup_stm32f746nghx.o
LOAD ./Drivers/BSP/Components/wm8994/wm8994.o
LOAD ./Drivers/BSP/STM32746G-Discovery/stm32746g_discovery.o
LOAD ./Drivers/BSP/STM32746G-Discovery/stm32746g_discovery_audio.o
LOAD ./Drivers/STM32F7xx_HAL_Driver/Src/stm32f7xx_hal.o
LOAD ./Drivers/STM32F7xx_HAL_Driver/Src/stm32f7xx_hal_cortex.o
LOAD ./Drivers/STM32F7xx_HAL_Driver/Src/stm32f7xx_hal_dma.o
LOAD ./Drivers/STM32F7xx_HAL_Driver/Src/stm32f7xx_hal_dma_ex.o
LOAD ./Drivers/STM32F7xx_HAL_Driver/Src/stm32f7xx_hal_exti.o
LOAD ./Drivers/STM32F7xx_HAL_Driver/Src/stm32f7xx_hal_flash.o
LOAD ./Drivers/STM32F7xx_HAL_Driver/Src/stm32f7xx_hal_flash_ex.o
LOAD ./Drivers/STM32F7xx_HAL_Driver/Src/stm32f7xx_hal_gpio.o
LOAD ./Drivers/STM32F7xx_HAL_Driver/Src/stm32f7xx_hal_i2c.o
LOAD ./Drivers/STM32F7xx_HAL_Driver/Src/stm32f7xx_hal_i2c_ex.o
LOAD ./Drivers/STM32F7xx_HAL_Driver/Src/stm32f7xx_hal_pwr.o
LOAD ./Drivers/STM32F7xx_HAL_Driver/Src/stm32f7xx_hal_pwr_ex.o
LOAD ./Drivers/STM32F7xx_HAL_Driver/Src/stm32f7xx_hal_rcc.o
LOAD ./Drivers/STM32F7xx_HAL_Driver/Src/stm32f7xx_hal_rcc_ex.o
LOAD ./Drivers/STM32F7xx_HAL_Driver/Src/stm32f7xx_hal_tim.o
LOAD ./Drivers/STM32F7xx_HAL_Driver/Src/stm32f7xx_hal_tim_ex.o
LOAD ./X-CUBE-AI/App/app_x-cube-ai.o
LOAD ./X-CUBE-AI/App/network.o
LOAD ./X-CUBE-AI/App/network_data.o
LOAD ./X-CUBE-AI/App/network_data_params.o
LOAD ../Middlewares/ST/AI/Lib\NetworkRuntime1020_CM7_GCC.a
START GROUP
LOAD D:/STM32CubeIDE_1.16.0/STM32CubeIDE/plugins/com.st.stm32cube.ide.mcu.externaltools.gnu-tools-for-stm32.12.3.rel1.win32_1.0.200.202406191623/tools/bin/../lib/gcc/arm-none-eabi/12.3.1/../../../../arm-none-eabi/lib/thumb/v7e-m+fp/hard\libc_nano.a
LOAD D:/STM32CubeIDE_1.16.0/STM32CubeIDE/plugins/com.st.stm32cube.ide.mcu.externaltools.gnu-tools-for-stm32.12.3.rel1.win32_1.0.200.202406191623/tools/bin/../lib/gcc/arm-none-eabi/12.3.1/../../../../arm-none-eabi/lib/thumb/v7e-m+fp/hard\libm.a
END GROUP
START GROUP
LOAD D:/STM32CubeIDE_1.16.0/STM32CubeIDE/plugins/com.st.stm32cube.ide.mcu.externaltools.gnu-tools-for-stm32.12.3.rel1.win32_1.0.200.202406191623/tools/bin/../lib/gcc/arm-none-eabi/12.3.1/thumb/v7e-m+fp/hard\libgcc.a
LOAD D:/STM32CubeIDE_1.16.0/STM32CubeIDE/plugins/com.st.stm32cube.ide.mcu.externaltools.gnu-tools-for-stm32.12.3.rel1.win32_1.0.200.202406191623/tools/bin/../lib/gcc/arm-none-eabi/12.3.1/../../../../arm-none-eabi/lib/thumb/v7e-m+fp/hard\libc_nano.a
END GROUP
START GROUP
LOAD D:/STM32CubeIDE_1.16.0/STM32CubeIDE/plugins/com.st.stm32cube.ide.mcu.externaltools.gnu-tools-for-stm32.12.3.rel1.win32_1.0.200.202406191623/tools/bin/../lib/gcc/arm-none-eabi/12.3.1/thumb/v7e-m+fp/hard\libgcc.a
LOAD D:/STM32CubeIDE_1.16.0/STM32CubeIDE/plugins/com.st.stm32cube.ide.mcu.externaltools.gnu-tools-for-stm32.12.3.rel1.win32_1.0.200.202406191623/tools/bin/../lib/gcc/arm-none-eabi/12.3.1/../../../../arm-none-eabi/lib/thumb/v7e-m+fp/hard\libc_nano.a
LOAD D:/STM32CubeIDE_1.16.0/STM32CubeIDE/plugins/com.st.stm32cube.ide.mcu.externaltools.gnu-tools-for-stm32.12.3.rel1.win32_1.0.200.202406191623/tools/bin/../lib/gcc/arm-none-eabi/12.3.1/../../../../arm-none-eabi/lib/thumb/v7e-m+fp/hard\libnosys.a
END GROUP
START GROUP
LOAD D:/STM32CubeIDE_1.16.0/STM32CubeIDE/plugins/com.st.stm32cube.ide.mcu.externaltools.gnu-tools-for-stm32.12.3.rel1.win32_1.0.200.202406191623/tools/bin/../lib/gcc/arm-none-eabi/12.3.1/thumb/v7e-m+fp/hard\libgcc.a
LOAD D:/STM32CubeIDE_1.16.0/STM32CubeIDE/plugins/com.st.stm32cube.ide.mcu.externaltools.gnu-tools-for-stm32.12.3.rel1.win32_1.0.200.202406191623/tools/bin/../lib/gcc/arm-none-eabi/12.3.1/../../../../arm-none-eabi/lib/thumb/v7e-m+fp/hard\libc_nano.a
LOAD D:/STM32CubeIDE_1.16.0/STM32CubeIDE/plugins/com.st.stm32cube.ide.mcu.externaltools.gnu-tools-for-stm32.12.3.rel1.win32_1.0.200.202406191623/tools/bin/../lib/gcc/arm-none-eabi/12.3.1/../../../../arm-none-eabi/lib/thumb/v7e-m+fp/hard\libnosys.a
END GROUP
LOAD D:/STM32CubeIDE_1.16.0/STM32CubeIDE/plugins/com.st.stm32cube.ide.mcu.externaltools.gnu-tools-for-stm32.12.3.rel1.win32_1.0.200.202406191623/tools/bin/../lib/gcc/arm-none-eabi/12.3.1/thumb/v7e-m+fp/hard/crtend.o
LOAD D:/STM32CubeIDE_1.16.0/STM32CubeIDE/plugins/com.st.stm32cube.ide.mcu.externaltools.gnu-tools-for-stm32.12.3.rel1.win32_1.0.200.202406191623/tools/bin/../lib/gcc/arm-none-eabi/12.3.1/thumb/v7e-m+fp/hard/crtn.o
                0x20050000                        _estack = (ORIGIN (RAM) + LENGTH (RAM))
                0x00000800                        _Min_Heap_Size = 0x800
                0x00000800                        _Min_Stack_Size = 0x800

.isr_vector     0x08000000      0x1c8
                0x08000000                        . = ALIGN (0x4)
 *(.isr_vector)
 .isr_vector    0x08000000      0x1c8 ./Core/Startup/startup_stm32f746nghx.o
                0x08000000                g_pfnVectors
                0x080001c8                        . = ALIGN (0x4)

.text           0x080001d0     0xf250
                0x080001d0                        . = ALIGN (0x4)
 *(.text)
 .text          0x080001d0       0x40 D:/STM32CubeIDE_1.16.0/STM32CubeIDE/plugins/com.st.stm32cube.ide.mcu.externaltools.gnu-tools-for-stm32.12.3.rel1.win32_1.0.200.202406191623/tools/bin/../lib/gcc/arm-none-eabi/12.3.1/thumb/v7e-m+fp/hard/crtbegin.o
 .text          0x08000210       0xa0 D:/STM32CubeIDE_1.16.0/STM32CubeIDE/plugins/com.st.stm32cube.ide.mcu.externaltools.gnu-tools-for-stm32.12.3.rel1.win32_1.0.200.202406191623/tools/bin/../lib/gcc/arm-none-eabi/12.3.1/../../../../arm-none-eabi/lib/thumb/v7e-m+fp/hard\libc_nano.a(libc_a-memchr.o)
                0x08000210                memchr
 .text          0x080002b0      0x378 D:/STM32CubeIDE_1.16.0/STM32CubeIDE/plugins/com.st.stm32cube.ide.mcu.externaltools.gnu-tools-for-stm32.12.3.rel1.win32_1.0.200.202406191623/tools/bin/../lib/gcc/arm-none-eabi/12.3.1/thumb/v7e-m+fp/hard\libgcc.a(_arm_addsubdf3.o)
                0x080002b0                __aeabi_drsub
                0x080002b8                __aeabi_dsub
                0x080002b8                __subdf3
                0x080002bc                __aeabi_dadd
                0x080002bc                __adddf3
                0x08000534                __floatunsidf
                0x08000534                __aeabi_ui2d
                0x08000554                __floatsidf
                0x08000554                __aeabi_i2d
                0x08000578                __aeabi_f2d
                0x08000578                __extendsfdf2
                0x080005bc                __floatundidf
                0x080005bc                __aeabi_ul2d
                0x080005cc                __floatdidf
                0x080005cc                __aeabi_l2d
 .text          0x08000628      0x424 D:/STM32CubeIDE_1.16.0/STM32CubeIDE/plugins/com.st.stm32cube.ide.mcu.externaltools.gnu-tools-for-stm32.12.3.rel1.win32_1.0.200.202406191623/tools/bin/../lib/gcc/arm-none-eabi/12.3.1/thumb/v7e-m+fp/hard\libgcc.a(_arm_muldivdf3.o)
                0x08000628                __aeabi_dmul
                0x08000628                __muldf3
                0x0800087c                __divdf3
                0x0800087c                __aeabi_ddiv
 .text          0x08000a4c       0xa0 D:/STM32CubeIDE_1.16.0/STM32CubeIDE/plugins/com.st.stm32cube.ide.mcu.externaltools.gnu-tools-for-stm32.12.3.rel1.win32_1.0.200.202406191623/tools/bin/../lib/gcc/arm-none-eabi/12.3.1/thumb/v7e-m+fp/hard\libgcc.a(_arm_truncdfsf2.o)
                0x08000a4c                __truncdfsf2
                0x08000a4c                __aeabi_d2f
 .text          0x08000aec       0x30 D:/STM32CubeIDE_1.16.0/STM32CubeIDE/plugins/com.st.stm32cube.ide.mcu.externaltools.gnu-tools-for-stm32.12.3.rel1.win32_1.0.200.202406191623/tools/bin/../lib/gcc/arm-none-eabi/12.3.1/thumb/v7e-m+fp/hard\libgcc.a(_aeabi_uldivmod.o)
                0x08000aec                __aeabi_uldivmod
 .text          0x08000b1c      0x2bc D:/STM32CubeIDE_1.16.0/STM32CubeIDE/plugins/com.st.stm32cube.ide.mcu.externaltools.gnu-tools-for-stm32.12.3.rel1.win32_1.0.200.202406191623/tools/bin/../lib/gcc/arm-none-eabi/12.3.1/thumb/v7e-m+fp/hard\libgcc.a(_udivmoddi4.o)
                0x08000b1c                __udivmoddi4
 .text          0x08000dd8        0x4 D:/STM32CubeIDE_1.16.0/STM32CubeIDE/plugins/com.st.stm32cube.ide.mcu.externaltools.gnu-tools-for-stm32.12.3.rel1.win32_1.0.200.202406191623/tools/bin/../lib/gcc/arm-none-eabi/12.3.1/thumb/v7e-m+fp/hard\libgcc.a(_dvmd_tls.o)
                0x08000dd8                __aeabi_idiv0
                0x08000dd8                __aeabi_ldiv0
 *(.text*)
 .text.SCB_EnableICache
                0x08000ddc       0x4c ./Core/Src/main.o
 .text.audio_peak_u16
                0x08000e28       0x58 ./Core/Src/main.o
 .text.capture_reset
                0x08000e80       0x98 ./Core/Src/main.o
 .text.capture_stats_compute
                0x08000f18       0xb8 ./Core/Src/main.o
 .text.process_audio_block_capture
                0x08000fd0      0x108 ./Core/Src/main.o
 .text.capture_debug_extract
                0x080010d8      0x1a0 ./Core/Src/main.o
 .text.model_audio_reset
                0x08001278       0x4c ./Core/Src/main.o
 .text.model_audio_prepare_from_capture
                0x080012c4       0xac ./Core/Src/main.o
 .text.model_float_reset
                0x08001370       0x60 ./Core/Src/main.o
 .text.model_float_prepare_from_model_audio
                0x080013d0      0x170 ./Core/Src/main.o
 .text.frames_reset
                0x08001540       0x90 ./Core/Src/main.o
 .text.frame_abs_mean
                0x080015d0       0xaa ./Core/Src/main.o
 *fill*         0x0800167a        0x2 
 .text.frames_prepare_from_float
                0x0800167c      0x12c ./Core/Src/main.o
 .text.hamming_reset
                0x080017a8       0xc0 ./Core/Src/main.o
 .text.hamming_prepare
                0x08001868      0x1b4 ./Core/Src/main.o
 .text.spectrum_reset
                0x08001a1c       0x98 ./Core/Src/main.o
 .text.spectrum_all_reset
                0x08001ab4       0xec ./Core/Src/main.o
 .text.mel_all_reset
                0x08001ba0       0xec ./Core/Src/main.o
 .text.mfcc_reset
                0x08001c8c       0xb4 ./Core/Src/main.o
 .text.mfcc_prepare_from_frames
                0x08001d40      0x3b4 ./Core/Src/main.o
 .text.clamp_int8
                0x080020f4       0x30 ./Core/Src/main.o
 .text.model_q7_reset
                0x08002124       0x88 ./Core/Src/main.o
 .text.model_q7_prepare_from_mfcc
                0x080021ac      0x15c ./Core/Src/main.o
 .text.pre_roll_push_block
                0x08002308       0x64 ./Core/Src/main.o
 .text.pre_roll_copy_to_capture
                0x0800236c       0x68 ./Core/Src/main.o
 .text.BSP_AUDIO_IN_HalfTransfer_CallBack
                0x080023d4       0x28 ./Core/Src/main.o
                0x080023d4                BSP_AUDIO_IN_HalfTransfer_CallBack
 .text.BSP_AUDIO_IN_TransferComplete_CallBack
                0x080023fc       0x28 ./Core/Src/main.o
                0x080023fc                BSP_AUDIO_IN_TransferComplete_CallBack
 .text.main     0x08002424      0x17c ./Core/Src/main.o
                0x08002424                main
 .text.SystemClock_Config
                0x080025a0       0xe0 ./Core/Src/main.o
                0x080025a0                SystemClock_Config
 .text.MX_GPIO_Init
                0x08002680       0xac ./Core/Src/main.o
 .text.Error_Handler
                0x0800272c        0xc ./Core/Src/main.o
                0x0800272c                Error_Handler
 .text.HAL_MspInit
                0x08002738       0x48 ./Core/Src/stm32f7xx_hal_msp.o
                0x08002738                HAL_MspInit
 .text.HAL_SAI_Init
                0x08002780      0x2fc ./Core/Src/stm32f7xx_hal_sai.o
                0x08002780                HAL_SAI_Init
 .text.HAL_SAI_DeInit
                0x08002a7c       0x6a ./Core/Src/stm32f7xx_hal_sai.o
                0x08002a7c                HAL_SAI_DeInit
 .text.HAL_SAI_MspInit
                0x08002ae6       0x14 ./Core/Src/stm32f7xx_hal_sai.o
                0x08002ae6                HAL_SAI_MspInit
 .text.HAL_SAI_MspDeInit
                0x08002afa       0x14 ./Core/Src/stm32f7xx_hal_sai.o
                0x08002afa                HAL_SAI_MspDeInit
 *fill*         0x08002b0e        0x2 
 .text.HAL_SAI_Receive_DMA
                0x08002b10      0x11c ./Core/Src/stm32f7xx_hal_sai.o
                0x08002b10                HAL_SAI_Receive_DMA
 .text.HAL_SAI_GetState
                0x08002c2c       0x1c ./Core/Src/stm32f7xx_hal_sai.o
                0x08002c2c                HAL_SAI_GetState
 .text.SAI_InterruptFlag
                0x08002c48       0x6c ./Core/Src/stm32f7xx_hal_sai.o
 .text.SAI_Disable
                0x08002cb4       0x70 ./Core/Src/stm32f7xx_hal_sai.o
 .text.SAI_DMARxCplt
                0x08002d24       0x60 ./Core/Src/stm32f7xx_hal_sai.o
 .text.SAI_DMARxHalfCplt
                0x08002d84       0x1c ./Core/Src/stm32f7xx_hal_sai.o
 .text.SAI_DMAError
                0x08002da0       0x66 ./Core/Src/stm32f7xx_hal_sai.o
 .text.NMI_Handler
                0x08002e06        0x8 ./Core/Src/stm32f7xx_it.o
                0x08002e06                NMI_Handler
 .text.HardFault_Handler
                0x08002e0e        0x8 ./Core/Src/stm32f7xx_it.o
                0x08002e0e                HardFault_Handler
 .text.MemManage_Handler
                0x08002e16        0x8 ./Core/Src/stm32f7xx_it.o
                0x08002e16                MemManage_Handler
 .text.BusFault_Handler
                0x08002e1e        0x8 ./Core/Src/stm32f7xx_it.o
                0x08002e1e                BusFault_Handler
 .text.UsageFault_Handler
                0x08002e26        0x8 ./Core/Src/stm32f7xx_it.o
                0x08002e26                UsageFault_Handler
 .text.SVC_Handler
                0x08002e2e        0xe ./Core/Src/stm32f7xx_it.o
                0x08002e2e                SVC_Handler
 .text.DebugMon_Handler
                0x08002e3c        0xe ./Core/Src/stm32f7xx_it.o
                0x08002e3c                DebugMon_Handler
 .text.PendSV_Handler
                0x08002e4a        0xe ./Core/Src/stm32f7xx_it.o
                0x08002e4a                PendSV_Handler
 .text.SysTick_Handler
                0x08002e58        0xc ./Core/Src/stm32f7xx_it.o
                0x08002e58                SysTick_Handler
 .text.DMA2_Stream4_IRQHandler
                0x08002e64       0x18 ./Core/Src/stm32f7xx_it.o
                0x08002e64                DMA2_Stream4_IRQHandler
 .text.DMA2_Stream7_IRQHandler
                0x08002e7c       0x18 ./Core/Src/stm32f7xx_it.o
                0x08002e7c                DMA2_Stream7_IRQHandler
 .text._sbrk    0x08002e94       0x6c ./Core/Src/sysmem.o
                0x08002e94                _sbrk
 .text.SystemInit
                0x08002f00       0x24 ./Core/Src/system_stm32f7xx.o
                0x08002f00                SystemInit
 .text.Reset_Handler
                0x08002f24       0x50 ./Core/Startup/startup_stm32f746nghx.o
                0x08002f24                Reset_Handler
 .text.Default_Handler
                0x08002f74        0x2 ./Core/Startup/startup_stm32f746nghx.o
                0x08002f74                RTC_Alarm_IRQHandler
                0x08002f74                EXTI2_IRQHandler
                0x08002f74                TIM8_CC_IRQHandler
                0x08002f74                UART8_IRQHandler
                0x08002f74                SPI4_IRQHandler
                0x08002f74                TIM1_CC_IRQHandler
                0x08002f74                DMA2_Stream5_IRQHandler
                0x08002f74                DMA1_Stream5_IRQHandler
                0x08002f74                PVD_IRQHandler
                0x08002f74                TAMP_STAMP_IRQHandler
                0x08002f74                CAN2_RX1_IRQHandler
                0x08002f74                EXTI3_IRQHandler
                0x08002f74                TIM8_TRG_COM_TIM14_IRQHandler
                0x08002f74                TIM1_UP_TIM10_IRQHandler
                0x08002f74                TIM8_UP_TIM13_IRQHandler
                0x08002f74                I2C3_ER_IRQHandler
                0x08002f74                EXTI0_IRQHandler
                0x08002f74                I2C2_EV_IRQHandler
                0x08002f74                DMA1_Stream2_IRQHandler
                0x08002f74                CAN1_RX0_IRQHandler
                0x08002f74                FPU_IRQHandler
                0x08002f74                OTG_HS_WKUP_IRQHandler
                0x08002f74                LTDC_ER_IRQHandler
                0x08002f74                CAN2_SCE_IRQHandler
                0x08002f74                DMA2_Stream2_IRQHandler
                0x08002f74                SPI1_IRQHandler
                0x08002f74                TIM6_DAC_IRQHandler
                0x08002f74                TIM1_BRK_TIM9_IRQHandler
                0x08002f74                DCMI_IRQHandler
                0x08002f74                CAN2_RX0_IRQHandler
                0x08002f74                DMA2_Stream3_IRQHandler
                0x08002f74                SAI2_IRQHandler
                0x08002f74                USART6_IRQHandler
                0x08002f74                USART3_IRQHandler
                0x08002f74                CAN1_RX1_IRQHandler
                0x08002f74                UART5_IRQHandler
                0x08002f74                DMA2_Stream0_IRQHandler
                0x08002f74                TIM4_IRQHandler
                0x08002f74                QUADSPI_IRQHandler
                0x08002f74                I2C1_EV_IRQHandler
                0x08002f74                DMA1_Stream6_IRQHandler
                0x08002f74                DMA1_Stream1_IRQHandler
                0x08002f74                UART4_IRQHandler
                0x08002f74                TIM3_IRQHandler
                0x08002f74                RCC_IRQHandler
                0x08002f74                TIM8_BRK_TIM12_IRQHandler
                0x08002f74                Default_Handler
                0x08002f74                CEC_IRQHandler
                0x08002f74                EXTI15_10_IRQHandler
                0x08002f74                ADC_IRQHandler
                0x08002f74                DMA1_Stream7_IRQHandler
                0x08002f74                SPI5_IRQHandler
                0x08002f74                TIM7_IRQHandler
                0x08002f74                SDMMC1_IRQHandler
                0x08002f74                CAN2_TX_IRQHandler
                0x08002f74                TIM5_IRQHandler
                0x08002f74                I2C3_EV_IRQHandler
                0x08002f74                EXTI9_5_IRQHandler
                0x08002f74                RTC_WKUP_IRQHandler
                0x08002f74                LTDC_IRQHandler
                0x08002f74                ETH_WKUP_IRQHandler
                0x08002f74                SPDIF_RX_IRQHandler
                0x08002f74                SPI2_IRQHandler
                0x08002f74                OTG_HS_EP1_IN_IRQHandler
                0x08002f74                DMA1_Stream0_IRQHandler
                0x08002f74                CAN1_TX_IRQHandler
                0x08002f74                EXTI4_IRQHandler
                0x08002f74                RNG_IRQHandler
                0x08002f74                ETH_IRQHandler
                0x08002f74                OTG_HS_EP1_OUT_IRQHandler
                0x08002f74                WWDG_IRQHandler
                0x08002f74                SPI6_IRQHandler
                0x08002f74                I2C4_EV_IRQHandler
                0x08002f74                TIM2_IRQHandler
                0x08002f74                OTG_FS_WKUP_IRQHandler
                0x08002f74                TIM1_TRG_COM_TIM11_IRQHandler
                0x08002f74                OTG_HS_IRQHandler
                0x08002f74                DMA2D_IRQHandler
                0x08002f74                EXTI1_IRQHandler
                0x08002f74                UART7_IRQHandler
                0x08002f74                USART2_IRQHandler
                0x08002f74                I2C2_ER_IRQHandler
                0x08002f74                DMA2_Stream1_IRQHandler
                0x08002f74                CAN1_SCE_IRQHandler
                0x08002f74                FLASH_IRQHandler
                0x08002f74                USART1_IRQHandler
                0x08002f74                OTG_FS_IRQHandler
                0x08002f74                SPI3_IRQHandler
                0x08002f74                DMA1_Stream4_IRQHandler
                0x08002f74                I2C1_ER_IRQHandler
                0x08002f74                FMC_IRQHandler
                0x08002f74                LPTIM1_IRQHandler
                0x08002f74                I2C4_ER_IRQHandler
                0x08002f74                DMA2_Stream6_IRQHandler
                0x08002f74                SAI1_IRQHandler
                0x08002f74                DMA1_Stream3_IRQHandler
 *fill*         0x08002f76        0x2 
 .text.wm8994_Init
                0x08002f78      0xd78 ./Drivers/BSP/Components/wm8994/wm8994.o
                0x08002f78                wm8994_Init
 .text.wm8994_DeInit
                0x08003cf0        0xc ./Drivers/BSP/Components/wm8994/wm8994.o
                0x08003cf0                wm8994_DeInit
 .text.wm8994_ReadID
                0x08003cfc       0x24 ./Drivers/BSP/Components/wm8994/wm8994.o
                0x08003cfc                wm8994_ReadID
 .text.wm8994_Play
                0x08003d20       0x30 ./Drivers/BSP/Components/wm8994/wm8994.o
                0x08003d20                wm8994_Play
 .text.wm8994_Pause
                0x08003d50       0x42 ./Drivers/BSP/Components/wm8994/wm8994.o
                0x08003d50                wm8994_Pause
 .text.wm8994_Resume
                0x08003d92       0x2a ./Drivers/BSP/Components/wm8994/wm8994.o
                0x08003d92                wm8994_Resume
 .text.wm8994_Stop
                0x08003dbc       0xdc ./Drivers/BSP/Components/wm8994/wm8994.o
                0x08003dbc                wm8994_Stop
 .text.wm8994_SetVolume
                0x08003e98      0x248 ./Drivers/BSP/Components/wm8994/wm8994.o
                0x08003e98                wm8994_SetVolume
 .text.wm8994_SetMute
                0x080040e0       0x9c ./Drivers/BSP/Components/wm8994/wm8994.o
                0x080040e0                wm8994_SetMute
 .text.wm8994_SetOutputMode
                0x0800417c      0x246 ./Drivers/BSP/Components/wm8994/wm8994.o
                0x0800417c                wm8994_SetOutputMode
 *fill*         0x080043c2        0x2 
 .text.wm8994_SetFrequency
                0x080043c4      0x1a8 ./Drivers/BSP/Components/wm8994/wm8994.o
                0x080043c4                wm8994_SetFrequency
 .text.wm8994_Reset
                0x0800456c       0x40 ./Drivers/BSP/Components/wm8994/wm8994.o
                0x0800456c                wm8994_Reset
 .text.CODEC_IO_Write
                0x080045ac       0x2e ./Drivers/BSP/Components/wm8994/wm8994.o
 *fill*         0x080045da        0x2 
 .text.I2Cx_MspInit
                0x080045dc      0x160 ./Drivers/BSP/STM32746G-Discovery/stm32746g_discovery.o
 .text.I2Cx_Init
                0x0800473c       0x78 ./Drivers/BSP/STM32746G-Discovery/stm32746g_discovery.o
 .text.I2Cx_ReadMultiple
                0x080047b4       0x5a ./Drivers/BSP/STM32746G-Discovery/stm32746g_discovery.o
 .text.I2Cx_WriteMultiple
                0x0800480e       0x5a ./Drivers/BSP/STM32746G-Discovery/stm32746g_discovery.o
 .text.I2Cx_Error
                0x08004868       0x20 ./Drivers/BSP/STM32746G-Discovery/stm32746g_discovery.o
 .text.AUDIO_IO_Init
                0x08004888       0x14 ./Drivers/BSP/STM32746G-Discovery/stm32746g_discovery.o
                0x08004888                AUDIO_IO_Init
 .text.AUDIO_IO_DeInit
                0x0800489c        0xe ./Drivers/BSP/STM32746G-Discovery/stm32746g_discovery.o
                0x0800489c                AUDIO_IO_DeInit
 *fill*         0x080048aa        0x2 
 .text.AUDIO_IO_Write
                0x080048ac       0x54 ./Drivers/BSP/STM32746G-Discovery/stm32746g_discovery.o
                0x080048ac                AUDIO_IO_Write
 .text.AUDIO_IO_Read
                0x08004900       0x58 ./Drivers/BSP/STM32746G-Discovery/stm32746g_discovery.o
                0x08004900                AUDIO_IO_Read
 .text.AUDIO_IO_Delay
                0x08004958       0x16 ./Drivers/BSP/STM32746G-Discovery/stm32746g_discovery.o
                0x08004958                AUDIO_IO_Delay
 *fill*         0x0800496e        0x2 
 .text.HAL_SAI_ErrorCallback
                0x08004970       0x4c ./Drivers/BSP/STM32746G-Discovery/stm32746g_discovery_audio.o
                0x08004970                HAL_SAI_ErrorCallback
 .text.BSP_AUDIO_OUT_Error_CallBack
                0x080049bc        0xe ./Drivers/BSP/STM32746G-Discovery/stm32746g_discovery_audio.o
                0x080049bc                BSP_AUDIO_OUT_Error_CallBack
 *fill*         0x080049ca        0x2 
 .text.BSP_AUDIO_OUT_MspInit
                0x080049cc      0x1ac ./Drivers/BSP/STM32746G-Discovery/stm32746g_discovery_audio.o
                0x080049cc                BSP_AUDIO_OUT_MspInit
 .text.BSP_AUDIO_OUT_ClockConfig
                0x08004b78       0x88 ./Drivers/BSP/STM32746G-Discovery/stm32746g_discovery_audio.o
                0x08004b78                BSP_AUDIO_OUT_ClockConfig
 .text.BSP_AUDIO_IN_InitEx
                0x08004c00       0xd8 ./Drivers/BSP/STM32746G-Discovery/stm32746g_discovery_audio.o
                0x08004c00                BSP_AUDIO_IN_InitEx
 .text.BSP_AUDIO_IN_Record
                0x08004cd8       0x30 ./Drivers/BSP/STM32746G-Discovery/stm32746g_discovery_audio.o
                0x08004cd8                BSP_AUDIO_IN_Record
 .text.HAL_SAI_RxCpltCallback
                0x08004d08       0x14 ./Drivers/BSP/STM32746G-Discovery/stm32746g_discovery_audio.o
                0x08004d08                HAL_SAI_RxCpltCallback
 .text.HAL_SAI_RxHalfCpltCallback
                0x08004d1c       0x14 ./Drivers/BSP/STM32746G-Discovery/stm32746g_discovery_audio.o
                0x08004d1c                HAL_SAI_RxHalfCpltCallback
 .text.BSP_AUDIO_IN_Error_CallBack
                0x08004d30        0xe ./Drivers/BSP/STM32746G-Discovery/stm32746g_discovery_audio.o
                0x08004d30                BSP_AUDIO_IN_Error_CallBack
 *fill*         0x08004d3e        0x2 
 .text.BSP_AUDIO_IN_MspInit
                0x08004d40      0x164 ./Drivers/BSP/STM32746G-Discovery/stm32746g_discovery_audio.o
                0x08004d40                BSP_AUDIO_IN_MspInit
 .text.SAIx_In_Init
                0x08004ea4      0x16c ./Drivers/BSP/STM32746G-Discovery/stm32746g_discovery_audio.o
 .text.SAIx_In_DeInit
                0x08005010       0x2c ./Drivers/BSP/STM32746G-Discovery/stm32746g_discovery_audio.o
 .text.HAL_Init
                0x0800503c       0x1a ./Drivers/STM32F7xx_HAL_Driver/Src/stm32f7xx_hal.o
                0x0800503c                HAL_Init
 *fill*         0x08005056        0x2 
 .text.HAL_InitTick
                0x08005058       0x60 ./Drivers/STM32F7xx_HAL_Driver/Src/stm32f7xx_hal.o
                0x08005058                HAL_InitTick
 .text.HAL_IncTick
                0x080050b8       0x28 ./Drivers/STM32F7xx_HAL_Driver/Src/stm32f7xx_hal.o
                0x080050b8                HAL_IncTick
 .text.HAL_GetTick
                0x080050e0       0x18 ./Drivers/STM32F7xx_HAL_Driver/Src/stm32f7xx_hal.o
                0x080050e0                HAL_GetTick
 .text.HAL_Delay
                0x080050f8       0x48 ./Drivers/STM32F7xx_HAL_Driver/Src/stm32f7xx_hal.o
                0x080050f8                HAL_Delay
 .text.__NVIC_SetPriorityGrouping
                0x08005140       0x48 ./Drivers/STM32F7xx_HAL_Driver/Src/stm32f7xx_hal_cortex.o
 .text.__NVIC_GetPriorityGrouping
                0x08005188       0x1c ./Drivers/STM32F7xx_HAL_Driver/Src/stm32f7xx_hal_cortex.o
 .text.__NVIC_EnableIRQ
                0x080051a4       0x3c ./Drivers/STM32F7xx_HAL_Driver/Src/stm32f7xx_hal_cortex.o
 .text.__NVIC_SetPriority
                0x080051e0       0x54 ./Drivers/STM32F7xx_HAL_Driver/Src/stm32f7xx_hal_cortex.o
 .text.NVIC_EncodePriority
                0x08005234       0x66 ./Drivers/STM32F7xx_HAL_Driver/Src/stm32f7xx_hal_cortex.o
 *fill*         0x0800529a        0x2 
 .text.SysTick_Config
                0x0800529c       0x44 ./Drivers/STM32F7xx_HAL_Driver/Src/stm32f7xx_hal_cortex.o
 .text.HAL_NVIC_SetPriorityGrouping
                0x080052e0       0x16 ./Drivers/STM32F7xx_HAL_Driver/Src/stm32f7xx_hal_cortex.o
                0x080052e0                HAL_NVIC_SetPriorityGrouping
 .text.HAL_NVIC_SetPriority
                0x080052f6       0x38 ./Drivers/STM32F7xx_HAL_Driver/Src/stm32f7xx_hal_cortex.o
                0x080052f6                HAL_NVIC_SetPriority
 .text.HAL_NVIC_EnableIRQ
                0x0800532e       0x1c ./Drivers/STM32F7xx_HAL_Driver/Src/stm32f7xx_hal_cortex.o
                0x0800532e                HAL_NVIC_EnableIRQ
 .text.HAL_SYSTICK_Config
                0x0800534a       0x18 ./Drivers/STM32F7xx_HAL_Driver/Src/stm32f7xx_hal_cortex.o
                0x0800534a                HAL_SYSTICK_Config
 *fill*         0x08005362        0x2 
 .text.HAL_DMA_Init
                0x08005364      0x15c ./Drivers/STM32F7xx_HAL_Driver/Src/stm32f7xx_hal_dma.o
                0x08005364                HAL_DMA_Init
 .text.HAL_DMA_DeInit
                0x080054c0       0xbc ./Drivers/STM32F7xx_HAL_Driver/Src/stm32f7xx_hal_dma.o
                0x080054c0                HAL_DMA_DeInit
 .text.HAL_DMA_Start_IT
                0x0800557c       0xc0 ./Drivers/STM32F7xx_HAL_Driver/Src/stm32f7xx_hal_dma.o
                0x0800557c                HAL_DMA_Start_IT
 .text.HAL_DMA_IRQHandler
                0x0800563c      0x314 ./Drivers/STM32F7xx_HAL_Driver/Src/stm32f7xx_hal_dma.o
                0x0800563c                HAL_DMA_IRQHandler
 .text.DMA_SetConfig
                0x08005950       0x5c ./Drivers/STM32F7xx_HAL_Driver/Src/stm32f7xx_hal_dma.o
 .text.DMA_CalcBaseAndBitshift
                0x080059ac       0x6c ./Drivers/STM32F7xx_HAL_Driver/Src/stm32f7xx_hal_dma.o
 .text.DMA_CheckFifoParam
                0x08005a18       0xf8 ./Drivers/STM32F7xx_HAL_Driver/Src/stm32f7xx_hal_dma.o
 .text.HAL_GPIO_Init
                0x08005b10      0x358 ./Drivers/STM32F7xx_HAL_Driver/Src/stm32f7xx_hal_gpio.o
                0x08005b10                HAL_GPIO_Init
 .text.HAL_GPIO_WritePin
                0x08005e68       0x32 ./Drivers/STM32F7xx_HAL_Driver/Src/stm32f7xx_hal_gpio.o
                0x08005e68                HAL_GPIO_WritePin
 .text.HAL_GPIO_TogglePin
                0x08005e9a       0x34 ./Drivers/STM32F7xx_HAL_Driver/Src/stm32f7xx_hal_gpio.o
                0x08005e9a                HAL_GPIO_TogglePin
 *fill*         0x08005ece        0x2 
 .text.HAL_I2C_Init
                0x08005ed0      0x138 ./Drivers/STM32F7xx_HAL_Driver/Src/stm32f7xx_hal_i2c.o
                0x08005ed0                HAL_I2C_Init
 .text.HAL_I2C_DeInit
                0x08006008       0x5e ./Drivers/STM32F7xx_HAL_Driver/Src/stm32f7xx_hal_i2c.o
                0x08006008                HAL_I2C_DeInit
 .text.HAL_I2C_MspInit
                0x08006066       0x14 ./Drivers/STM32F7xx_HAL_Driver/Src/stm32f7xx_hal_i2c.o
                0x08006066                HAL_I2C_MspInit
 .text.HAL_I2C_MspDeInit
                0x0800607a       0x14 ./Drivers/STM32F7xx_HAL_Driver/Src/stm32f7xx_hal_i2c.o
                0x0800607a                HAL_I2C_MspDeInit
 *fill*         0x0800608e        0x2 
 .text.HAL_I2C_Mem_Write
                0x08006090      0x228 ./Drivers/STM32F7xx_HAL_Driver/Src/stm32f7xx_hal_i2c.o
                0x08006090                HAL_I2C_Mem_Write
 .text.HAL_I2C_Mem_Read
                0x080062b8      0x234 ./Drivers/STM32F7xx_HAL_Driver/Src/stm32f7xx_hal_i2c.o
                0x080062b8                HAL_I2C_Mem_Read
 .text.HAL_I2C_GetState
                0x080064ec       0x1c ./Drivers/STM32F7xx_HAL_Driver/Src/stm32f7xx_hal_i2c.o
                0x080064ec                HAL_I2C_GetState
 .text.I2C_RequestMemoryWrite
                0x08006508       0xa8 ./Drivers/STM32F7xx_HAL_Driver/Src/stm32f7xx_hal_i2c.o
 .text.I2C_RequestMemoryRead
                0x080065b0       0xa8 ./Drivers/STM32F7xx_HAL_Driver/Src/stm32f7xx_hal_i2c.o
 .text.I2C_Flush_TXDR
                0x08006658       0x48 ./Drivers/STM32F7xx_HAL_Driver/Src/stm32f7xx_hal_i2c.o
 .text.I2C_WaitOnFlagUntilTimeout
                0x080066a0       0xb2 ./Drivers/STM32F7xx_HAL_Driver/Src/stm32f7xx_hal_i2c.o
 .text.I2C_WaitOnTXISFlagUntilTimeout
                0x08006752       0x8e ./Drivers/STM32F7xx_HAL_Driver/Src/stm32f7xx_hal_i2c.o
 .text.I2C_WaitOnSTOPFlagUntilTimeout
                0x080067e0       0x86 ./Drivers/STM32F7xx_HAL_Driver/Src/stm32f7xx_hal_i2c.o
 *fill*         0x08006866        0x2 
 .text.I2C_IsErrorOccurred
                0x08006868      0x1c0 ./Drivers/STM32F7xx_HAL_Driver/Src/stm32f7xx_hal_i2c.o
 .text.I2C_TransferConfig
                0x08006a28       0x64 ./Drivers/STM32F7xx_HAL_Driver/Src/stm32f7xx_hal_i2c.o
 .text.HAL_PWR_EnableBkUpAccess
                0x08006a8c       0x20 ./Drivers/STM32F7xx_HAL_Driver/Src/stm32f7xx_hal_pwr.o
                0x08006a8c                HAL_PWR_EnableBkUpAccess
 .text.HAL_PWREx_EnableOverDrive
                0x08006aac       0xa0 ./Drivers/STM32F7xx_HAL_Driver/Src/stm32f7xx_hal_pwr_ex.o
                0x08006aac                HAL_PWREx_EnableOverDrive
 .text.HAL_RCC_OscConfig
                0x08006b4c      0x548 ./Drivers/STM32F7xx_HAL_Driver/Src/stm32f7xx_hal_rcc.o
                0x08006b4c                HAL_RCC_OscConfig
 .text.HAL_RCC_ClockConfig
                0x08007094      0x1d8 ./Drivers/STM32F7xx_HAL_Driver/Src/stm32f7xx_hal_rcc.o
                0x08007094                HAL_RCC_ClockConfig
 .text.HAL_RCC_GetSysClockFreq
                0x0800726c      0x18c ./Drivers/STM32F7xx_HAL_Driver/Src/stm32f7xx_hal_rcc.o
                0x0800726c                HAL_RCC_GetSysClockFreq
 .text.HAL_RCCEx_PeriphCLKConfig
                0x080073f8      0x7e0 ./Drivers/STM32F7xx_HAL_Driver/Src/stm32f7xx_hal_rcc_ex.o
                0x080073f8                HAL_RCCEx_PeriphCLKConfig
 .text.HAL_RCCEx_GetPeriphCLKConfig
                0x08007bd8      0x218 ./Drivers/STM32F7xx_HAL_Driver/Src/stm32f7xx_hal_rcc_ex.o
                0x08007bd8                HAL_RCCEx_GetPeriphCLKConfig
 .text.HAL_RCCEx_GetPeriphCLKFreq
                0x08007df0      0x280 ./Drivers/STM32F7xx_HAL_Driver/Src/stm32f7xx_hal_rcc_ex.o
                0x08007df0                HAL_RCCEx_GetPeriphCLKFreq
 .text.ai_log_err
                0x08008070       0x44 ./X-CUBE-AI/App/app_x-cube-ai.o
 .text.ai_boostrap
                0x080080b4       0xc8 ./X-CUBE-AI/App/app_x-cube-ai.o
 .text.ai_run   0x0800817c       0x54 ./X-CUBE-AI/App/app_x-cube-ai.o
 .text.acquire_and_process_data
                0x080081d0       0x74 ./X-CUBE-AI/App/app_x-cube-ai.o
                0x080081d0                acquire_and_process_data
 .text.post_process
                0x08008244      0x100 ./X-CUBE-AI/App/app_x-cube-ai.o
                0x08008244                post_process
 .text.MX_X_CUBE_AI_Init
                0x08008344       0x1c ./X-CUBE-AI/App/app_x-cube-ai.o
                0x08008344                MX_X_CUBE_AI_Init
 .text.MX_X_CUBE_AI_Process
                0x08008360       0x80 ./X-CUBE-AI/App/app_x-cube-ai.o
                0x08008360                MX_X_CUBE_AI_Process
 .text.network_configure_activations
                0x080083e0      0x184 ./X-CUBE-AI/App/network.o
 .text.network_configure_weights
                0x08008564      0x174 ./X-CUBE-AI/App/network.o
 .text.ai_network_get_error
                0x080086d8       0x18 ./X-CUBE-AI/App/network.o
                0x080086d8                ai_network_get_error
 .text.ai_network_create
                0x080086f0       0x2c ./X-CUBE-AI/App/network.o
                0x080086f0                ai_network_create
 .text.ai_network_create_and_init
                0x0800871c       0xfc ./X-CUBE-AI/App/network.o
                0x0800871c                ai_network_create_and_init
 .text.ai_network_inputs_get
                0x08008818       0x34 ./X-CUBE-AI/App/network.o
                0x08008818                ai_network_inputs_get
 .text.ai_network_outputs_get
                0x0800884c       0x34 ./X-CUBE-AI/App/network.o
                0x0800884c                ai_network_outputs_get
 .text.ai_network_init
                0x08008880       0x78 ./X-CUBE-AI/App/network.o
                0x08008880                ai_network_init
 .text.ai_network_run
                0x080088f8       0x20 ./X-CUBE-AI/App/network.o
                0x080088f8                ai_network_run
 .text.ai_network_data_params_get
                0x08008918       0x50 ./X-CUBE-AI/App/network_data.o
                0x08008918                ai_network_data_params_get
 .text.ai_buffer_get_size
                0x08008968       0x60 ../Middlewares/ST/AI/Lib\NetworkRuntime1020_CM7_GCC.a(ai_platform.o)
                0x08008968                ai_buffer_get_size
 .text.ai_buffer_array_sane
                0x080089c8       0x14 ../Middlewares/ST/AI/Lib\NetworkRuntime1020_CM7_GCC.a(ai_platform.o)
                0x080089c8                ai_buffer_array_sane
 .text.ai_buffer_array_item_set_address
                0x080089dc       0x1c ../Middlewares/ST/AI/Lib\NetworkRuntime1020_CM7_GCC.a(ai_platform.o)
                0x080089dc                ai_buffer_array_item_set_address
 .text.ai_platform_get_weights_map
                0x080089f8       0xb0 ../Middlewares/ST/AI/Lib\NetworkRuntime1020_CM7_GCC.a(ai_platform_interface.o)
                0x080089f8                ai_platform_get_weights_map
 .text.ai_platform_get_activations_map
                0x08008aa8       0xb4 ../Middlewares/ST/AI/Lib\NetworkRuntime1020_CM7_GCC.a(ai_platform_interface.o)
                0x08008aa8                ai_platform_get_activations_map
 .text.ai_platform_bind_network_params
                0x08008b5c       0x34 ../Middlewares/ST/AI/Lib\NetworkRuntime1020_CM7_GCC.a(ai_platform_interface.o)
                0x08008b5c                ai_platform_bind_network_params
 .text.ai_platform_network_get_error
                0x08008b90       0x18 ../Middlewares/ST/AI/Lib\NetworkRuntime1020_CM7_GCC.a(ai_platform_interface.o)
                0x08008b90                ai_platform_network_get_error
 .text.ai_platform_network_set_error
                0x08008ba8        0xc ../Middlewares/ST/AI/Lib\NetworkRuntime1020_CM7_GCC.a(ai_platform_interface.o)
                0x08008ba8                ai_platform_network_set_error
 .text.ai_platform_inputs_get
                0x08008bb4       0xf4 ../Middlewares/ST/AI/Lib\NetworkRuntime1020_CM7_GCC.a(ai_platform_interface.o)
                0x08008bb4                ai_platform_inputs_get
 .text.ai_platform_outputs_get
                0x08008ca8       0xec ../Middlewares/ST/AI/Lib\NetworkRuntime1020_CM7_GCC.a(ai_platform_interface.o)
                0x08008ca8                ai_platform_outputs_get
 .text.ai_platform_network_create
                0x08008d94       0x84 ../Middlewares/ST/AI/Lib\NetworkRuntime1020_CM7_GCC.a(ai_platform_interface.o)
                0x08008d94                ai_platform_network_create
 .text.ai_platform_network_init
                0x08008e18      0x144 ../Middlewares/ST/AI/Lib\NetworkRuntime1020_CM7_GCC.a(ai_platform_interface.o)
                0x08008e18                ai_platform_network_init
 .text.ai_platform_network_post_init
                0x08008f5c       0x58 ../Middlewares/ST/AI/Lib\NetworkRuntime1020_CM7_GCC.a(ai_platform_interface.o)
                0x08008f5c                ai_platform_network_post_init
 .text.ai_platform_network_process
                0x08008fb4      0x44c ../Middlewares/ST/AI/Lib\NetworkRuntime1020_CM7_GCC.a(ai_platform_interface.o)
                0x08008fb4                ai_platform_network_process
 .text.core_init
                0x08009400        0x4 ../Middlewares/ST/AI/Lib\NetworkRuntime1020_CM7_GCC.a(core_common.o)
                0x08009400                core_init
 .text.core_get_error
                0x08009404        0xc ../Middlewares/ST/AI/Lib\NetworkRuntime1020_CM7_GCC.a(core_common.o)
                0x08009404                core_get_error
 .text.core_set_error
                0x08009410       0x18 ../Middlewares/ST/AI/Lib\NetworkRuntime1020_CM7_GCC.a(core_common.o)
                0x08009410                core_set_error
 .text.ai_check_custom_types
                0x08009428       0x50 ../Middlewares/ST/AI/Lib\NetworkRuntime1020_CM7_GCC.a(layers.o)
                0x08009428                ai_check_custom_types
 .text.ai_layers_init_all
                0x08009478       0x20 ../Middlewares/ST/AI/Lib\NetworkRuntime1020_CM7_GCC.a(layers.o)
                0x08009478                ai_layers_init_all
 .text.ai_layers_post_init_all
                0x08009498       0x30 ../Middlewares/ST/AI/Lib\NetworkRuntime1020_CM7_GCC.a(layers.o)
                0x08009498                ai_layers_post_init_all
 .text.ai_layers_forward_all
                0x080094c8       0x90 ../Middlewares/ST/AI/Lib\NetworkRuntime1020_CM7_GCC.a(layers.o)
                0x080094c8                ai_layers_forward_all
 .text.func_dummy
                0x08009558        0x4 ../Middlewares/ST/AI/Lib\NetworkRuntime1020_CM7_GCC.a(layers_conv2d_sssa8_ch.o)
 .text.forward_conv2d_sssa8_ch_nl_pool
                0x0800955c      0x518 ../Middlewares/ST/AI/Lib\NetworkRuntime1020_CM7_GCC.a(layers_conv2d_sssa8_ch.o)
                0x0800955c                forward_conv2d_sssa8_ch_nl_pool
 .text.forward_dense_integer_SSSA_ch
                0x08009a74      0x1e4 ../Middlewares/ST/AI/Lib\NetworkRuntime1020_CM7_GCC.a(layers_conv2d_stm32_integer.o)
                0x08009a74                forward_dense_integer_SSSA_ch
 .text.forward_sm_integer
                0x08009c58       0xc4 ../Middlewares/ST/AI/Lib\NetworkRuntime1020_CM7_GCC.a(layers_nl_stm32_integer.o)
                0x08009c58                forward_sm_integer
 .text.pool_func_mp_array_integer_INT8
                0x08009d1c      0x1b4 ../Middlewares/ST/AI/Lib\NetworkRuntime1020_CM7_GCC.a(layers_pool_stm32_integer.o)
                0x08009d1c                pool_func_mp_array_integer_INT8
 .text.forward_lite_dense_is8os8ws8_ch
                0x08009ed0       0x7c ../Middlewares/ST/AI/Lib\NetworkRuntime1020_CM7_GCC.a(forward_lite_dense_is8os8ws8_ch.o)
                0x08009ed0                forward_lite_dense_is8os8ws8_ch
 .text.forward_lite_maxpool_is8os8_scalepos
                0x08009f4c      0x1c4 ../Middlewares/ST/AI/Lib\NetworkRuntime1020_CM7_GCC.a(forward_lite_maxpool_is8os8_scalepos.o)
                0x08009f4c                forward_lite_maxpool_is8os8_scalepos
 .text.forward_lite_conv2d_sssa8_ch
                0x0800a110      0xa00 ../Middlewares/ST/AI/Lib\NetworkRuntime1020_CM7_GCC.a(forward_lite_conv2d_sssa8_ch.o)
                0x0800a110                forward_lite_conv2d_sssa8_ch
 .text.forward_lite_maxpool_is8os8_scaleneg
                0x0800ab10      0x1c0 ../Middlewares/ST/AI/Lib\NetworkRuntime1020_CM7_GCC.a(forward_lite_maxpool_is8os8.o)
                0x0800ab10                forward_lite_maxpool_is8os8_scaleneg
 .text.forward_lite_nl_softmax_is8os8
                0x0800acd0       0x14 ../Middlewares/ST/AI/Lib\NetworkRuntime1020_CM7_GCC.a(lite_nl_generic_integer.o)
                0x0800acd0                forward_lite_nl_softmax_is8os8
 .text.forward_lite_nl_softmax_iu8ou8
                0x0800ace4       0x14 ../Middlewares/ST/AI/Lib\NetworkRuntime1020_CM7_GCC.a(lite_nl_generic_integer.o)
                0x0800ace4                forward_lite_nl_softmax_iu8ou8
 .text.align_factor_ch
                0x0800acf8       0x60 ../Middlewares/ST/AI/Lib\NetworkRuntime1020_CM7_GCC.a(st_align_factor.o)
                0x0800acf8                align_factor_ch
 .text.st_int8_to16_no_shift
                0x0800ad58       0xc4 ../Middlewares/ST/AI/Lib\NetworkRuntime1020_CM7_GCC.a(st_int8_to16_no_shift.o)
                0x0800ad58                st_int8_to16_no_shift
 .text.st_int8_to16_no_shift_interleaved
                0x0800ae1c       0x88 ../Middlewares/ST/AI/Lib\NetworkRuntime1020_CM7_GCC.a(st_int8_to16_no_shift.o)
                0x0800ae1c                st_int8_to16_no_shift_interleaved
 .text.st_int8_to16_dual
                0x0800aea4      0x1d4 ../Middlewares/ST/AI/Lib\NetworkRuntime1020_CM7_GCC.a(st_int8_to16_no_shift.o)
                0x0800aea4                st_int8_to16_dual
 .text.st_int8_to16_dual_interleaved
                0x0800b078      0x178 ../Middlewares/ST/AI/Lib\NetworkRuntime1020_CM7_GCC.a(st_int8_to16_no_shift.o)
                0x0800b078                st_int8_to16_dual_interleaved
 .text.ai_padding_opt_init
                0x0800b1f0       0xb4 ../Middlewares/ST/AI/Lib\NetworkRuntime1020_CM7_GCC.a(st_padding_opt.o)
                0x0800b1f0                ai_padding_opt_init
 .text.ai_padding_opt_phase1
                0x0800b2a4       0x34 ../Middlewares/ST/AI/Lib\NetworkRuntime1020_CM7_GCC.a(st_padding_opt.o)
                0x0800b2a4                ai_padding_opt_phase1
 .text.st_int16_fill
                0x0800b2d8       0x3c ../Middlewares/ST/AI/Lib\NetworkRuntime1020_CM7_GCC.a(st_int16_fill.o)
                0x0800b2d8                st_int16_fill
 .text.st_sssa8_ch_convolve_rank1upd
                0x0800b314      0x128 ../Middlewares/ST/AI/Lib\NetworkRuntime1020_CM7_GCC.a(st_sssa8_ch_convolve.o)
                0x0800b314                st_sssa8_ch_convolve_rank1upd
 .text.st_sssa8_ch_fully_connected
                0x0800b43c      0x518 ../Middlewares/ST/AI/Lib\NetworkRuntime1020_CM7_GCC.a(st_sssa8_ch_dense.o)
                0x0800b43c                st_sssa8_ch_fully_connected
 .text.st_int8_copy
                0x0800b954      0x150 ../Middlewares/ST/AI/Lib\NetworkRuntime1020_CM7_GCC.a(st_int8_fill.o)
                0x0800b954                st_int8_copy
 .text.st_int8_reordered_no_shift_zero
                0x0800baa4       0x6c ../Middlewares/ST/AI/Lib\NetworkRuntime1020_CM7_GCC.a(st_int8_reordered_no_shift.o)
                0x0800baa4                st_int8_reordered_no_shift_zero
 .text.st_sssa8_ch_nn_mat_mult_kernel_single_opt
                0x0800bb10      0x350 ../Middlewares/ST/AI/Lib\NetworkRuntime1020_CM7_GCC.a(st_sssa8_ch_nn_mat_mult_kernel_single_opt.o)
                0x0800bb10                st_sssa8_ch_nn_mat_mult_kernel_single_opt
 .text.st_sssa8_ch_nn_mat_mult_kernel_opt
                0x0800be60      0x33c ../Middlewares/ST/AI/Lib\NetworkRuntime1020_CM7_GCC.a(st_sssa8_ch_nn_mat_mult_kernel_opt.o)
                0x0800be60                st_sssa8_ch_nn_mat_mult_kernel_opt
 .text.ai_array_to_buffer_fmt
                0x0800c19c       0xe0 ../Middlewares/ST/AI/Lib\NetworkRuntime1020_CM7_GCC.a(ai_datatypes_format.o)
                0x0800c19c                ai_array_to_buffer_fmt
 .text.ai_array_get_byte_size
                0x0800c27c       0x44 ../Middlewares/ST/AI/Lib\NetworkRuntime1020_CM7_GCC.a(ai_datatypes_format.o)
                0x0800c27c                ai_array_get_byte_size
 .text.ai_array_get_data_byte_size
                0x0800c2c0       0x20 ../Middlewares/ST/AI/Lib\NetworkRuntime1020_CM7_GCC.a(ai_datatypes_format.o)
                0x0800c2c0                ai_array_get_data_byte_size
 .text.ai_version_get
                0x0800c2e0        0xc ../Middlewares/ST/AI/Lib\NetworkRuntime1020_CM7_GCC.a(ai_datatypes_internal.o)
                0x0800c2e0                ai_version_get
 .text.get_tensor_byte_size
                0x0800c2ec       0x2c ../Middlewares/ST/AI/Lib\NetworkRuntime1020_CM7_GCC.a(ai_datatypes_internal.o)
                0x0800c2ec                get_tensor_byte_size
 .text.core_tensor_clone
                0x0800c318       0x64 ../Middlewares/ST/AI/Lib\NetworkRuntime1020_CM7_GCC.a(core_utils.o)
                0x0800c318                core_tensor_clone
 .text.core_array_clone
                0x0800c37c        0xc ../Middlewares/ST/AI/Lib\NetworkRuntime1020_CM7_GCC.a(core_utils.o)
                0x0800c37c                core_array_clone
 .text._lite_kernel_nl_softmax_is8os8
                0x0800c388      0xb24 ../Middlewares/ST/AI/Lib\NetworkRuntime1020_CM7_GCC.a(lite_nl_softmax_is8os8.o)
                0x0800c388                _lite_kernel_nl_softmax_is8os8
 .text._lite_kernel_nl_softmax_iu8ou8
                0x0800ceac      0x7fc ../Middlewares/ST/AI/Lib\NetworkRuntime1020_CM7_GCC.a(lite_nl_softmax_iu8ou8.o)
                0x0800ceac                _lite_kernel_nl_softmax_iu8ou8
 .text.sbrk_aligned
                0x0800d6a8       0x44 D:/STM32CubeIDE_1.16.0/STM32CubeIDE/plugins/com.st.stm32cube.ide.mcu.externaltools.gnu-tools-for-stm32.12.3.rel1.win32_1.0.200.202406191623/tools/bin/../lib/gcc/arm-none-eabi/12.3.1/../../../../arm-none-eabi/lib/thumb/v7e-m+fp/hard\libc_nano.a(libc_a-mallocr.o)
 .text._malloc_r
                0x0800d6ec      0x100 D:/STM32CubeIDE_1.16.0/STM32CubeIDE/plugins/com.st.stm32cube.ide.mcu.externaltools.gnu-tools-for-stm32.12.3.rel1.win32_1.0.200.202406191623/tools/bin/../lib/gcc/arm-none-eabi/12.3.1/../../../../arm-none-eabi/lib/thumb/v7e-m+fp/hard\libc_nano.a(libc_a-mallocr.o)
                0x0800d6ec                _malloc_r
 .text.__malloc_lock
                0x0800d7ec        0xc D:/STM32CubeIDE_1.16.0/STM32CubeIDE/plugins/com.st.stm32cube.ide.mcu.externaltools.gnu-tools-for-stm32.12.3.rel1.win32_1.0.200.202406191623/tools/bin/../lib/gcc/arm-none-eabi/12.3.1/../../../../arm-none-eabi/lib/thumb/v7e-m+fp/hard\libc_nano.a(libc_a-mlock.o)
                0x0800d7ec                __malloc_lock
 .text.__malloc_unlock
                0x0800d7f8        0xc D:/STM32CubeIDE_1.16.0/STM32CubeIDE/plugins/com.st.stm32cube.ide.mcu.externaltools.gnu-tools-for-stm32.12.3.rel1.win32_1.0.200.202406191623/tools/bin/../lib/gcc/arm-none-eabi/12.3.1/../../../../arm-none-eabi/lib/thumb/v7e-m+fp/hard\libc_nano.a(libc_a-mlock.o)
                0x0800d7f8                __malloc_unlock
 .text.std      0x0800d804       0x6c D:/STM32CubeIDE_1.16.0/STM32CubeIDE/plugins/com.st.stm32cube.ide.mcu.externaltools.gnu-tools-for-stm32.12.3.rel1.win32_1.0.200.202406191623/tools/bin/../lib/gcc/arm-none-eabi/12.3.1/../../../../arm-none-eabi/lib/thumb/v7e-m+fp/hard\libc_nano.a(libc_a-findfp.o)
 .text.stdio_exit_handler
                0x0800d870       0x18 D:/STM32CubeIDE_1.16.0/STM32CubeIDE/plugins/com.st.stm32cube.ide.mcu.externaltools.gnu-tools-for-stm32.12.3.rel1.win32_1.0.200.202406191623/tools/bin/../lib/gcc/arm-none-eabi/12.3.1/../../../../arm-none-eabi/lib/thumb/v7e-m+fp/hard\libc_nano.a(libc_a-findfp.o)
 .text.cleanup_stdio
                0x0800d888       0x40 D:/STM32CubeIDE_1.16.0/STM32CubeIDE/plugins/com.st.stm32cube.ide.mcu.externaltools.gnu-tools-for-stm32.12.3.rel1.win32_1.0.200.202406191623/tools/bin/../lib/gcc/arm-none-eabi/12.3.1/../../../../arm-none-eabi/lib/thumb/v7e-m+fp/hard\libc_nano.a(libc_a-findfp.o)
 .text.global_stdio_init.part.0
                0x0800d8c8       0x3c D:/STM32CubeIDE_1.16.0/STM32CubeIDE/plugins/com.st.stm32cube.ide.mcu.externaltools.gnu-tools-for-stm32.12.3.rel1.win32_1.0.200.202406191623/tools/bin/../lib/gcc/arm-none-eabi/12.3.1/../../../../arm-none-eabi/lib/thumb/v7e-m+fp/hard\libc_nano.a(libc_a-findfp.o)
 .text.__sfp_lock_acquire
                0x0800d904        0xc D:/STM32CubeIDE_1.16.0/STM32CubeIDE/plugins/com.st.stm32cube.ide.mcu.externaltools.gnu-tools-for-stm32.12.3.rel1.win32_1.0.200.202406191623/tools/bin/../lib/gcc/arm-none-eabi/12.3.1/../../../../arm-none-eabi/lib/thumb/v7e-m+fp/hard\libc_nano.a(libc_a-findfp.o)
                0x0800d904                __sfp_lock_acquire
 .text.__sfp_lock_release
                0x0800d910        0xc D:/STM32CubeIDE_1.16.0/STM32CubeIDE/plugins/com.st.stm32cube.ide.mcu.externaltools.gnu-tools-for-stm32.12.3.rel1.win32_1.0.200.202406191623/tools/bin/../lib/gcc/arm-none-eabi/12.3.1/../../../../arm-none-eabi/lib/thumb/v7e-m+fp/hard\libc_nano.a(libc_a-findfp.o)
                0x0800d910                __sfp_lock_release
 .text.__sinit  0x0800d91c       0x30 D:/STM32CubeIDE_1.16.0/STM32CubeIDE/plugins/com.st.stm32cube.ide.mcu.externaltools.gnu-tools-for-stm32.12.3.rel1.win32_1.0.200.202406191623/tools/bin/../lib/gcc/arm-none-eabi/12.3.1/../../../../arm-none-eabi/lib/thumb/v7e-m+fp/hard\libc_nano.a(libc_a-findfp.o)
                0x0800d91c                __sinit
 .text._fwalk_sglue
                0x0800d94c       0x3c D:/STM32CubeIDE_1.16.0/STM32CubeIDE/plugins/com.st.stm32cube.ide.mcu.externaltools.gnu-tools-for-stm32.12.3.rel1.win32_1.0.200.202406191623/tools/bin/../lib/gcc/arm-none-eabi/12.3.1/../../../../arm-none-eabi/lib/thumb/v7e-m+fp/hard\libc_nano.a(libc_a-fwalk.o)
                0x0800d94c                _fwalk_sglue
 .text.printf   0x0800d988       0x24 D:/STM32CubeIDE_1.16.0/STM32CubeIDE/plugins/com.st.stm32cube.ide.mcu.externaltools.gnu-tools-for-stm32.12.3.rel1.win32_1.0.200.202406191623/tools/bin/../lib/gcc/arm-none-eabi/12.3.1/../../../../arm-none-eabi/lib/thumb/v7e-m+fp/hard\libc_nano.a(libc_a-printf.o)
                0x0800d988                iprintf
                0x0800d988                printf
 .text._puts_r  0x0800d9ac       0xaa D:/STM32CubeIDE_1.16.0/STM32CubeIDE/plugins/com.st.stm32cube.ide.mcu.externaltools.gnu-tools-for-stm32.12.3.rel1.win32_1.0.200.202406191623/tools/bin/../lib/gcc/arm-none-eabi/12.3.1/../../../../arm-none-eabi/lib/thumb/v7e-m+fp/hard\libc_nano.a(libc_a-puts.o)
                0x0800d9ac                _puts_r
 *fill*         0x0800da56        0x2 
 .text.puts     0x0800da58       0x10 D:/STM32CubeIDE_1.16.0/STM32CubeIDE/plugins/com.st.stm32cube.ide.mcu.externaltools.gnu-tools-for-stm32.12.3.rel1.win32_1.0.200.202406191623/tools/bin/../lib/gcc/arm-none-eabi/12.3.1/../../../../arm-none-eabi/lib/thumb/v7e-m+fp/hard\libc_nano.a(libc_a-puts.o)
                0x0800da58                puts
 .text.__sread  0x0800da68       0x22 D:/STM32CubeIDE_1.16.0/STM32CubeIDE/plugins/com.st.stm32cube.ide.mcu.externaltools.gnu-tools-for-stm32.12.3.rel1.win32_1.0.200.202406191623/tools/bin/../lib/gcc/arm-none-eabi/12.3.1/../../../../arm-none-eabi/lib/thumb/v7e-m+fp/hard\libc_nano.a(libc_a-stdio.o)
                0x0800da68                __sread
 .text.__swrite
                0x0800da8a       0x38 D:/STM32CubeIDE_1.16.0/STM32CubeIDE/plugins/com.st.stm32cube.ide.mcu.externaltools.gnu-tools-for-stm32.12.3.rel1.win32_1.0.200.202406191623/tools/bin/../lib/gcc/arm-none-eabi/12.3.1/../../../../arm-none-eabi/lib/thumb/v7e-m+fp/hard\libc_nano.a(libc_a-stdio.o)
                0x0800da8a                __swrite
 .text.__sseek  0x0800dac2       0x24 D:/STM32CubeIDE_1.16.0/STM32CubeIDE/plugins/com.st.stm32cube.ide.mcu.externaltools.gnu-tools-for-stm32.12.3.rel1.win32_1.0.200.202406191623/tools/bin/../lib/gcc/arm-none-eabi/12.3.1/../../../../arm-none-eabi/lib/thumb/v7e-m+fp/hard\libc_nano.a(libc_a-stdio.o)
                0x0800dac2                __sseek
 .text.__sclose
                0x0800dae6        0x8 D:/STM32CubeIDE_1.16.0/STM32CubeIDE/plugins/com.st.stm32cube.ide.mcu.externaltools.gnu-tools-for-stm32.12.3.rel1.win32_1.0.200.202406191623/tools/bin/../lib/gcc/arm-none-eabi/12.3.1/../../../../arm-none-eabi/lib/thumb/v7e-m+fp/hard\libc_nano.a(libc_a-stdio.o)
                0x0800dae6                __sclose
 .text.__swbuf_r
                0x0800daee       0x7c D:/STM32CubeIDE_1.16.0/STM32CubeIDE/plugins/com.st.stm32cube.ide.mcu.externaltools.gnu-tools-for-stm32.12.3.rel1.win32_1.0.200.202406191623/tools/bin/../lib/gcc/arm-none-eabi/12.3.1/../../../../arm-none-eabi/lib/thumb/v7e-m+fp/hard\libc_nano.a(libc_a-wbuf.o)
                0x0800daee                __swbuf_r
 *fill*         0x0800db6a        0x2 
 .text.__swsetup_r
                0x0800db6c       0xac D:/STM32CubeIDE_1.16.0/STM32CubeIDE/plugins/com.st.stm32cube.ide.mcu.externaltools.gnu-tools-for-stm32.12.3.rel1.win32_1.0.200.202406191623/tools/bin/../lib/gcc/arm-none-eabi/12.3.1/../../../../arm-none-eabi/lib/thumb/v7e-m+fp/hard\libc_nano.a(libc_a-wsetup.o)
                0x0800db6c                __swsetup_r
 .text.memset   0x0800dc18       0x10 D:/STM32CubeIDE_1.16.0/STM32CubeIDE/plugins/com.st.stm32cube.ide.mcu.externaltools.gnu-tools-for-stm32.12.3.rel1.win32_1.0.200.202406191623/tools/bin/../lib/gcc/arm-none-eabi/12.3.1/../../../../arm-none-eabi/lib/thumb/v7e-m+fp/hard\libc_nano.a(libc_a-memset.o)
                0x0800dc18                memset
 .text._close_r
                0x0800dc28       0x20 D:/STM32CubeIDE_1.16.0/STM32CubeIDE/plugins/com.st.stm32cube.ide.mcu.externaltools.gnu-tools-for-stm32.12.3.rel1.win32_1.0.200.202406191623/tools/bin/../lib/gcc/arm-none-eabi/12.3.1/../../../../arm-none-eabi/lib/thumb/v7e-m+fp/hard\libc_nano.a(libc_a-closer.o)
                0x0800dc28                _close_r
 .text._lseek_r
                0x0800dc48       0x24 D:/STM32CubeIDE_1.16.0/STM32CubeIDE/plugins/com.st.stm32cube.ide.mcu.externaltools.gnu-tools-for-stm32.12.3.rel1.win32_1.0.200.202406191623/tools/bin/../lib/gcc/arm-none-eabi/12.3.1/../../../../arm-none-eabi/lib/thumb/v7e-m+fp/hard\libc_nano.a(libc_a-lseekr.o)
                0x0800dc48                _lseek_r
 .text._read_r  0x0800dc6c       0x24 D:/STM32CubeIDE_1.16.0/STM32CubeIDE/plugins/com.st.stm32cube.ide.mcu.externaltools.gnu-tools-for-stm32.12.3.rel1.win32_1.0.200.202406191623/tools/bin/../lib/gcc/arm-none-eabi/12.3.1/../../../../arm-none-eabi/lib/thumb/v7e-m+fp/hard\libc_nano.a(libc_a-readr.o)
                0x0800dc6c                _read_r
 .text._sbrk_r  0x0800dc90       0x20 D:/STM32CubeIDE_1.16.0/STM32CubeIDE/plugins/com.st.stm32cube.ide.mcu.externaltools.gnu-tools-for-stm32.12.3.rel1.win32_1.0.200.202406191623/tools/bin/../lib/gcc/arm-none-eabi/12.3.1/../../../../arm-none-eabi/lib/thumb/v7e-m+fp/hard\libc_nano.a(libc_a-sbrkr.o)
                0x0800dc90                _sbrk_r
 .text._write_r
                0x0800dcb0       0x24 D:/STM32CubeIDE_1.16.0/STM32CubeIDE/plugins/com.st.stm32cube.ide.mcu.externaltools.gnu-tools-for-stm32.12.3.rel1.win32_1.0.200.202406191623/tools/bin/../lib/gcc/arm-none-eabi/12.3.1/../../../../arm-none-eabi/lib/thumb/v7e-m+fp/hard\libc_nano.a(libc_a-writer.o)
                0x0800dcb0                _write_r
 .text.__errno  0x0800dcd4        0xc D:/STM32CubeIDE_1.16.0/STM32CubeIDE/plugins/com.st.stm32cube.ide.mcu.externaltools.gnu-tools-for-stm32.12.3.rel1.win32_1.0.200.202406191623/tools/bin/../lib/gcc/arm-none-eabi/12.3.1/../../../../arm-none-eabi/lib/thumb/v7e-m+fp/hard\libc_nano.a(libc_a-errno.o)
                0x0800dcd4                __errno
 .text.__libc_init_array
                0x0800dce0       0x48 D:/STM32CubeIDE_1.16.0/STM32CubeIDE/plugins/com.st.stm32cube.ide.mcu.externaltools.gnu-tools-for-stm32.12.3.rel1.win32_1.0.200.202406191623/tools/bin/../lib/gcc/arm-none-eabi/12.3.1/../../../../arm-none-eabi/lib/thumb/v7e-m+fp/hard\libc_nano.a(libc_a-init.o)
                0x0800dce0                __libc_init_array
 .text.__retarget_lock_init_recursive
                0x0800dd28        0x2 D:/STM32CubeIDE_1.16.0/STM32CubeIDE/plugins/com.st.stm32cube.ide.mcu.externaltools.gnu-tools-for-stm32.12.3.rel1.win32_1.0.200.202406191623/tools/bin/../lib/gcc/arm-none-eabi/12.3.1/../../../../arm-none-eabi/lib/thumb/v7e-m+fp/hard\libc_nano.a(libc_a-lock.o)
                0x0800dd28                __retarget_lock_init_recursive
 .text.__retarget_lock_acquire_recursive
                0x0800dd2a        0x2 D:/STM32CubeIDE_1.16.0/STM32CubeIDE/plugins/com.st.stm32cube.ide.mcu.externaltools.gnu-tools-for-stm32.12.3.rel1.win32_1.0.200.202406191623/tools/bin/../lib/gcc/arm-none-eabi/12.3.1/../../../../arm-none-eabi/lib/thumb/v7e-m+fp/hard\libc_nano.a(libc_a-lock.o)
                0x0800dd2a                __retarget_lock_acquire_recursive
 .text.__retarget_lock_release_recursive
                0x0800dd2c        0x2 D:/STM32CubeIDE_1.16.0/STM32CubeIDE/plugins/com.st.stm32cube.ide.mcu.externaltools.gnu-tools-for-stm32.12.3.rel1.win32_1.0.200.202406191623/tools/bin/../lib/gcc/arm-none-eabi/12.3.1/../../../../arm-none-eabi/lib/thumb/v7e-m+fp/hard\libc_nano.a(libc_a-lock.o)
                0x0800dd2c                __retarget_lock_release_recursive
 .text.memcpy   0x0800dd2e       0x1c D:/STM32CubeIDE_1.16.0/STM32CubeIDE/plugins/com.st.stm32cube.ide.mcu.externaltools.gnu-tools-for-stm32.12.3.rel1.win32_1.0.200.202406191623/tools/bin/../lib/gcc/arm-none-eabi/12.3.1/../../../../arm-none-eabi/lib/thumb/v7e-m+fp/hard\libc_nano.a(libc_a-memcpy-stub.o)
                0x0800dd2e                memcpy
 *fill*         0x0800dd4a        0x2 
 .text._free_r  0x0800dd4c       0x94 D:/STM32CubeIDE_1.16.0/STM32CubeIDE/plugins/com.st.stm32cube.ide.mcu.externaltools.gnu-tools-for-stm32.12.3.rel1.win32_1.0.200.202406191623/tools/bin/../lib/gcc/arm-none-eabi/12.3.1/../../../../arm-none-eabi/lib/thumb/v7e-m+fp/hard\libc_nano.a(libc_a-freer.o)
                0x0800dd4c                _free_r
 .text.__sfputc_r
                0x0800dde0       0x2e D:/STM32CubeIDE_1.16.0/STM32CubeIDE/plugins/com.st.stm32cube.ide.mcu.externaltools.gnu-tools-for-stm32.12.3.rel1.win32_1.0.200.202406191623/tools/bin/../lib/gcc/arm-none-eabi/12.3.1/../../../../arm-none-eabi/lib/thumb/v7e-m+fp/hard\libc_nano.a(libc_a-nano-vfprintf.o)
 .text.__sfputs_r
                0x0800de0e       0x24 D:/STM32CubeIDE_1.16.0/STM32CubeIDE/plugins/com.st.stm32cube.ide.mcu.externaltools.gnu-tools-for-stm32.12.3.rel1.win32_1.0.200.202406191623/tools/bin/../lib/gcc/arm-none-eabi/12.3.1/../../../../arm-none-eabi/lib/thumb/v7e-m+fp/hard\libc_nano.a(libc_a-nano-vfprintf.o)
                0x0800de0e                __sfputs_r
 *fill*         0x0800de32        0x2 
 .text._vfprintf_r
                0x0800de34      0x230 D:/STM32CubeIDE_1.16.0/STM32CubeIDE/plugins/com.st.stm32cube.ide.mcu.externaltools.gnu-tools-for-stm32.12.3.rel1.win32_1.0.200.202406191623/tools/bin/../lib/gcc/arm-none-eabi/12.3.1/../../../../arm-none-eabi/lib/thumb/v7e-m+fp/hard\libc_nano.a(libc_a-nano-vfprintf.o)
                0x0800de34                _vfprintf_r
                0x0800de34                _vfiprintf_r
 .text._printf_common
                0x0800e064       0xda D:/STM32CubeIDE_1.16.0/STM32CubeIDE/plugins/com.st.stm32cube.ide.mcu.externaltools.gnu-tools-for-stm32.12.3.rel1.win32_1.0.200.202406191623/tools/bin/../lib/gcc/arm-none-eabi/12.3.1/../../../../arm-none-eabi/lib/thumb/v7e-m+fp/hard\libc_nano.a(libc_a-nano-vfprintf_i.o)
                0x0800e064                _printf_common
 *fill*         0x0800e13e        0x2 
 .text._printf_i
                0x0800e140      0x240 D:/STM32CubeIDE_1.16.0/STM32CubeIDE/plugins/com.st.stm32cube.ide.mcu.externaltools.gnu-tools-for-stm32.12.3.rel1.win32_1.0.200.202406191623/tools/bin/../lib/gcc/arm-none-eabi/12.3.1/../../../../arm-none-eabi/lib/thumb/v7e-m+fp/hard\libc_nano.a(libc_a-nano-vfprintf_i.o)
                0x0800e140                _printf_i
 .text.__sflush_r
                0x0800e380      0x108 D:/STM32CubeIDE_1.16.0/STM32CubeIDE/plugins/com.st.stm32cube.ide.mcu.externaltools.gnu-tools-for-stm32.12.3.rel1.win32_1.0.200.202406191623/tools/bin/../lib/gcc/arm-none-eabi/12.3.1/../../../../arm-none-eabi/lib/thumb/v7e-m+fp/hard\libc_nano.a(libc_a-fflush.o)
                0x0800e380                __sflush_r
 .text._fflush_r
                0x0800e488       0x50 D:/STM32CubeIDE_1.16.0/STM32CubeIDE/plugins/com.st.stm32cube.ide.mcu.externaltools.gnu-tools-for-stm32.12.3.rel1.win32_1.0.200.202406191623/tools/bin/../lib/gcc/arm-none-eabi/12.3.1/../../../../arm-none-eabi/lib/thumb/v7e-m+fp/hard\libc_nano.a(libc_a-fflush.o)
                0x0800e488                _fflush_r
 .text.__swhatbuf_r
                0x0800e4d8       0x4c D:/STM32CubeIDE_1.16.0/STM32CubeIDE/plugins/com.st.stm32cube.ide.mcu.externaltools.gnu-tools-for-stm32.12.3.rel1.win32_1.0.200.202406191623/tools/bin/../lib/gcc/arm-none-eabi/12.3.1/../../../../arm-none-eabi/lib/thumb/v7e-m+fp/hard\libc_nano.a(libc_a-makebuf.o)
                0x0800e4d8                __swhatbuf_r
 .text.__smakebuf_r
                0x0800e524       0x78 D:/STM32CubeIDE_1.16.0/STM32CubeIDE/plugins/com.st.stm32cube.ide.mcu.externaltools.gnu-tools-for-stm32.12.3.rel1.win32_1.0.200.202406191623/tools/bin/../lib/gcc/arm-none-eabi/12.3.1/../../../../arm-none-eabi/lib/thumb/v7e-m+fp/hard\libc_nano.a(libc_a-makebuf.o)
                0x0800e524                __smakebuf_r
 .text._fstat_r
                0x0800e59c       0x24 D:/STM32CubeIDE_1.16.0/STM32CubeIDE/plugins/com.st.stm32cube.ide.mcu.externaltools.gnu-tools-for-stm32.12.3.rel1.win32_1.0.200.202406191623/tools/bin/../lib/gcc/arm-none-eabi/12.3.1/../../../../arm-none-eabi/lib/thumb/v7e-m+fp/hard\libc_nano.a(libc_a-fstatr.o)
                0x0800e59c                _fstat_r
 .text._isatty_r
                0x0800e5c0       0x20 D:/STM32CubeIDE_1.16.0/STM32CubeIDE/plugins/com.st.stm32cube.ide.mcu.externaltools.gnu-tools-for-stm32.12.3.rel1.win32_1.0.200.202406191623/tools/bin/../lib/gcc/arm-none-eabi/12.3.1/../../../../arm-none-eabi/lib/thumb/v7e-m+fp/hard\libc_nano.a(libc_a-isattyr.o)
                0x0800e5c0                _isatty_r
 .text.logf     0x0800e5e0       0x5c D:/STM32CubeIDE_1.16.0/STM32CubeIDE/plugins/com.st.stm32cube.ide.mcu.externaltools.gnu-tools-for-stm32.12.3.rel1.win32_1.0.200.202406191623/tools/bin/../lib/gcc/arm-none-eabi/12.3.1/../../../../arm-none-eabi/lib/thumb/v7e-m+fp/hard\libm.a(libm_a-wf_log.o)
                0x0800e5e0                logf
 .text.cosf     0x0800e63c       0x88 D:/STM32CubeIDE_1.16.0/STM32CubeIDE/plugins/com.st.stm32cube.ide.mcu.externaltools.gnu-tools-for-stm32.12.3.rel1.win32_1.0.200.202406191623/tools/bin/../lib/gcc/arm-none-eabi/12.3.1/../../../../arm-none-eabi/lib/thumb/v7e-m+fp/hard\libm.a(libm_a-sf_cos.o)
                0x0800e63c                cosf
 .text.sinf     0x0800e6c4       0x8c D:/STM32CubeIDE_1.16.0/STM32CubeIDE/plugins/com.st.stm32cube.ide.mcu.externaltools.gnu-tools-for-stm32.12.3.rel1.win32_1.0.200.202406191623/tools/bin/../lib/gcc/arm-none-eabi/12.3.1/../../../../arm-none-eabi/lib/thumb/v7e-m+fp/hard\libm.a(libm_a-sf_sin.o)
                0x0800e6c4                sinf
 .text.nanf     0x0800e750        0xc D:/STM32CubeIDE_1.16.0/STM32CubeIDE/plugins/com.st.stm32cube.ide.mcu.externaltools.gnu-tools-for-stm32.12.3.rel1.win32_1.0.200.202406191623/tools/bin/../lib/gcc/arm-none-eabi/12.3.1/../../../../arm-none-eabi/lib/thumb/v7e-m+fp/hard\libm.a(libm_a-sf_nan.o)
                0x0800e750                nanf
 .text.lrintf   0x0800e75c       0x80 D:/STM32CubeIDE_1.16.0/STM32CubeIDE/plugins/com.st.stm32cube.ide.mcu.externaltools.gnu-tools-for-stm32.12.3.rel1.win32_1.0.200.202406191623/tools/bin/../lib/gcc/arm-none-eabi/12.3.1/../../../../arm-none-eabi/lib/thumb/v7e-m+fp/hard\libm.a(libm_a-sf_lrint.o)
                0x0800e75c                lrintf
 .text.__kernel_cosf
                0x0800e7dc       0xb0 D:/STM32CubeIDE_1.16.0/STM32CubeIDE/plugins/com.st.stm32cube.ide.mcu.externaltools.gnu-tools-for-stm32.12.3.rel1.win32_1.0.200.202406191623/tools/bin/../lib/gcc/arm-none-eabi/12.3.1/../../../../arm-none-eabi/lib/thumb/v7e-m+fp/hard\libm.a(libm_a-kf_cos.o)
                0x0800e7dc                __kernel_cosf
 .text.__kernel_sinf
                0x0800e88c       0x90 D:/STM32CubeIDE_1.16.0/STM32CubeIDE/plugins/com.st.stm32cube.ide.mcu.externaltools.gnu-tools-for-stm32.12.3.rel1.win32_1.0.200.202406191623/tools/bin/../lib/gcc/arm-none-eabi/12.3.1/../../../../arm-none-eabi/lib/thumb/v7e-m+fp/hard\libm.a(libm_a-kf_sin.o)
                0x0800e88c                __kernel_sinf
 .text.__ieee754_logf
                0x0800e91c      0x1e4 D:/STM32CubeIDE_1.16.0/STM32CubeIDE/plugins/com.st.stm32cube.ide.mcu.externaltools.gnu-tools-for-stm32.12.3.rel1.win32_1.0.200.202406191623/tools/bin/../lib/gcc/arm-none-eabi/12.3.1/../../../../arm-none-eabi/lib/thumb/v7e-m+fp/hard\libm.a(libm_a-ef_log.o)
                0x0800e91c                __ieee754_logf
 .text.__ieee754_rem_pio2f
                0x0800eb00      0x260 D:/STM32CubeIDE_1.16.0/STM32CubeIDE/plugins/com.st.stm32cube.ide.mcu.externaltools.gnu-tools-for-stm32.12.3.rel1.win32_1.0.200.202406191623/tools/bin/../lib/gcc/arm-none-eabi/12.3.1/../../../../arm-none-eabi/lib/thumb/v7e-m+fp/hard\libm.a(libm_a-ef_rem_pio2.o)
                0x0800eb00                __ieee754_rem_pio2f
 .text.fabsf    0x0800ed60        0xe D:/STM32CubeIDE_1.16.0/STM32CubeIDE/plugins/com.st.stm32cube.ide.mcu.externaltools.gnu-tools-for-stm32.12.3.rel1.win32_1.0.200.202406191623/tools/bin/../lib/gcc/arm-none-eabi/12.3.1/../../../../arm-none-eabi/lib/thumb/v7e-m+fp/hard\libm.a(libm_a-sf_fabs.o)
                0x0800ed60                fabsf
 *fill*         0x0800ed6e        0x2 
 .text.__kernel_rem_pio2f
                0x0800ed70      0x4e4 D:/STM32CubeIDE_1.16.0/STM32CubeIDE/plugins/com.st.stm32cube.ide.mcu.externaltools.gnu-tools-for-stm32.12.3.rel1.win32_1.0.200.202406191623/tools/bin/../lib/gcc/arm-none-eabi/12.3.1/../../../../arm-none-eabi/lib/thumb/v7e-m+fp/hard\libm.a(libm_a-kf_rem_pio2.o)
                0x0800ed70                __kernel_rem_pio2f
 .text.scalbnf  0x0800f254       0xcc D:/STM32CubeIDE_1.16.0/STM32CubeIDE/plugins/com.st.stm32cube.ide.mcu.externaltools.gnu-tools-for-stm32.12.3.rel1.win32_1.0.200.202406191623/tools/bin/../lib/gcc/arm-none-eabi/12.3.1/../../../../arm-none-eabi/lib/thumb/v7e-m+fp/hard\libm.a(libm_a-sf_scalbn.o)
                0x0800f254                scalbnf
 .text.floorf   0x0800f320       0x88 D:/STM32CubeIDE_1.16.0/STM32CubeIDE/plugins/com.st.stm32cube.ide.mcu.externaltools.gnu-tools-for-stm32.12.3.rel1.win32_1.0.200.202406191623/tools/bin/../lib/gcc/arm-none-eabi/12.3.1/../../../../arm-none-eabi/lib/thumb/v7e-m+fp/hard\libm.a(libm_a-sf_floor.o)
                0x0800f320                floorf
 .text._close   0x0800f3a8       0x10 D:/STM32CubeIDE_1.16.0/STM32CubeIDE/plugins/com.st.stm32cube.ide.mcu.externaltools.gnu-tools-for-stm32.12.3.rel1.win32_1.0.200.202406191623/tools/bin/../lib/gcc/arm-none-eabi/12.3.1/../../../../arm-none-eabi/lib/thumb/v7e-m+fp/hard\libnosys.a(close.o)
                0x0800f3a8                _close
 .text._fstat   0x0800f3b8       0x10 D:/STM32CubeIDE_1.16.0/STM32CubeIDE/plugins/com.st.stm32cube.ide.mcu.externaltools.gnu-tools-for-stm32.12.3.rel1.win32_1.0.200.202406191623/tools/bin/../lib/gcc/arm-none-eabi/12.3.1/../../../../arm-none-eabi/lib/thumb/v7e-m+fp/hard\libnosys.a(fstat.o)
                0x0800f3b8                _fstat
 .text._isatty  0x0800f3c8       0x10 D:/STM32CubeIDE_1.16.0/STM32CubeIDE/plugins/com.st.stm32cube.ide.mcu.externaltools.gnu-tools-for-stm32.12.3.rel1.win32_1.0.200.202406191623/tools/bin/../lib/gcc/arm-none-eabi/12.3.1/../../../../arm-none-eabi/lib/thumb/v7e-m+fp/hard\libnosys.a(isatty.o)
                0x0800f3c8                _isatty
 .text._lseek   0x0800f3d8       0x10 D:/STM32CubeIDE_1.16.0/STM32CubeIDE/plugins/com.st.stm32cube.ide.mcu.externaltools.gnu-tools-for-stm32.12.3.rel1.win32_1.0.200.202406191623/tools/bin/../lib/gcc/arm-none-eabi/12.3.1/../../../../arm-none-eabi/lib/thumb/v7e-m+fp/hard\libnosys.a(lseek.o)
                0x0800f3d8                _lseek
 .text._read    0x0800f3e8       0x10 D:/STM32CubeIDE_1.16.0/STM32CubeIDE/plugins/com.st.stm32cube.ide.mcu.externaltools.gnu-tools-for-stm32.12.3.rel1.win32_1.0.200.202406191623/tools/bin/../lib/gcc/arm-none-eabi/12.3.1/../../../../arm-none-eabi/lib/thumb/v7e-m+fp/hard\libnosys.a(read.o)
                0x0800f3e8                _read
 .text._write   0x0800f3f8       0x10 D:/STM32CubeIDE_1.16.0/STM32CubeIDE/plugins/com.st.stm32cube.ide.mcu.externaltools.gnu-tools-for-stm32.12.3.rel1.win32_1.0.200.202406191623/tools/bin/../lib/gcc/arm-none-eabi/12.3.1/../../../../arm-none-eabi/lib/thumb/v7e-m+fp/hard\libnosys.a(write.o)
                0x0800f3f8                _write
 *(.glue_7)
 .glue_7        0x0800f408        0x0 linker stubs
 *(.glue_7t)
 .glue_7t       0x0800f408        0x0 linker stubs
 *(.eh_frame)
 .eh_frame      0x0800f408        0x0 D:/STM32CubeIDE_1.16.0/STM32CubeIDE/plugins/com.st.stm32cube.ide.mcu.externaltools.gnu-tools-for-stm32.12.3.rel1.win32_1.0.200.202406191623/tools/bin/../lib/gcc/arm-none-eabi/12.3.1/thumb/v7e-m+fp/hard/crtbegin.o
 *(.init)
 .init          0x0800f408        0x4 D:/STM32CubeIDE_1.16.0/STM32CubeIDE/plugins/com.st.stm32cube.ide.mcu.externaltools.gnu-tools-for-stm32.12.3.rel1.win32_1.0.200.202406191623/tools/bin/../lib/gcc/arm-none-eabi/12.3.1/thumb/v7e-m+fp/hard/crti.o
                0x0800f408                _init
 .init          0x0800f40c        0x8 D:/STM32CubeIDE_1.16.0/STM32CubeIDE/plugins/com.st.stm32cube.ide.mcu.externaltools.gnu-tools-for-stm32.12.3.rel1.win32_1.0.200.202406191623/tools/bin/../lib/gcc/arm-none-eabi/12.3.1/thumb/v7e-m+fp/hard/crtn.o
 *(.fini)
 .fini          0x0800f414        0x4 D:/STM32CubeIDE_1.16.0/STM32CubeIDE/plugins/com.st.stm32cube.ide.mcu.externaltools.gnu-tools-for-stm32.12.3.rel1.win32_1.0.200.202406191623/tools/bin/../lib/gcc/arm-none-eabi/12.3.1/thumb/v7e-m+fp/hard/crti.o
                0x0800f414                _fini
 .fini          0x0800f418        0x8 D:/STM32CubeIDE_1.16.0/STM32CubeIDE/plugins/com.st.stm32cube.ide.mcu.externaltools.gnu-tools-for-stm32.12.3.rel1.win32_1.0.200.202406191623/tools/bin/../lib/gcc/arm-none-eabi/12.3.1/thumb/v7e-m+fp/hard/crtn.o
                0x0800f420                        . = ALIGN (0x4)
                0x0800f420                        _etext = .

.vfp11_veneer   0x0800f420        0x0
 .vfp11_veneer  0x0800f420        0x0 linker stubs

.v4_bx          0x0800f420        0x0
 .v4_bx         0x0800f420        0x0 linker stubs

.iplt           0x0800f420        0x0
 .iplt          0x0800f420        0x0 D:/STM32CubeIDE_1.16.0/STM32CubeIDE/plugins/com.st.stm32cube.ide.mcu.externaltools.gnu-tools-for-stm32.12.3.rel1.win32_1.0.200.202406191623/tools/bin/../lib/gcc/arm-none-eabi/12.3.1/thumb/v7e-m+fp/hard/crtbegin.o

.rodata         0x0800f420    0x22a4c
                0x0800f420                        . = ALIGN (0x4)
 *(.rodata)
 .rodata        0x0800f420       0xc3 ./X-CUBE-AI/App/app_x-cube-ai.o
 *fill*         0x0800f4e3        0x1 
 .rodata        0x0800f4e4       0x30 ./X-CUBE-AI/App/network_data.o
 *(.rodata*)
 .rodata.mel_filterbank
                0x0800f514    0x19200 ./Core/Src/main.o
 .rodata.dct_matrix
                0x08028714     0x1a00 ./Core/Src/main.o
 .rodata.AHBPrescTable
                0x0802a114       0x10 ./Core/Src/system_stm32f7xx.o
                0x0802a114                AHBPrescTable
 .rodata.flagBitshiftOffset.0
                0x0802a124        0x8 ./Drivers/STM32F7xx_HAL_Driver/Src/stm32f7xx_hal_dma.o
 .rodata.yes_input_q7
                0x0802a12c      0x4fa ./X-CUBE-AI/App/app_x-cube-ai.o
 *fill*         0x0802a626        0x2 
 .rodata.__compound_literal.0
                0x0802a628        0x4 ./X-CUBE-AI/App/network.o
 .rodata.__compound_literal.1
                0x0802a62c        0x1 ./X-CUBE-AI/App/network.o
 *fill*         0x0802a62d        0x3 
 .rodata.__compound_literal.2
                0x0802a630        0x8 ./X-CUBE-AI/App/network.o
 .rodata.conv2d_0_output_array_intq
                0x0802a638        0x8 ./X-CUBE-AI/App/network.o
 .rodata.__compound_literal.3
                0x0802a640        0x4 ./X-CUBE-AI/App/network.o
 .rodata.__compound_literal.4
                0x0802a644        0x1 ./X-CUBE-AI/App/network.o
 *fill*         0x0802a645        0x3 
 .rodata.__compound_literal.5
                0x0802a648        0x8 ./X-CUBE-AI/App/network.o
 .rodata.conv2d_0_scratch1_array_intq
                0x0802a650        0x8 ./X-CUBE-AI/App/network.o
 .rodata.__compound_literal.6
                0x0802a658       0x20 ./X-CUBE-AI/App/network.o
 .rodata.__compound_literal.7
                0x0802a678        0x8 ./X-CUBE-AI/App/network.o
 .rodata.__compound_literal.8
                0x0802a680        0x8 ./X-CUBE-AI/App/network.o
 .rodata.conv2d_0_weights_array_intq
                0x0802a688        0x8 ./X-CUBE-AI/App/network.o
 .rodata.__compound_literal.9
                0x0802a690        0x4 ./X-CUBE-AI/App/network.o
 .rodata.__compound_literal.10
                0x0802a694        0x1 ./X-CUBE-AI/App/network.o
 *fill*         0x0802a695        0x3 
 .rodata.__compound_literal.11
                0x0802a698        0x8 ./X-CUBE-AI/App/network.o
 .rodata.conv2d_2_output_array_intq
                0x0802a6a0        0x8 ./X-CUBE-AI/App/network.o
 .rodata.__compound_literal.12
                0x0802a6a8        0x4 ./X-CUBE-AI/App/network.o
 .rodata.__compound_literal.13
                0x0802a6ac        0x1 ./X-CUBE-AI/App/network.o
 *fill*         0x0802a6ad        0x3 
 .rodata.__compound_literal.14
                0x0802a6b0        0x8 ./X-CUBE-AI/App/network.o
 .rodata.conv2d_2_scratch1_array_intq
                0x0802a6b8        0x8 ./X-CUBE-AI/App/network.o
 .rodata.__compound_literal.15
                0x0802a6c0       0x40 ./X-CUBE-AI/App/network.o
 .rodata.__compound_literal.16
                0x0802a700       0x10 ./X-CUBE-AI/App/network.o
 .rodata.__compound_literal.17
                0x0802a710        0x8 ./X-CUBE-AI/App/network.o
 .rodata.conv2d_2_weights_array_intq
                0x0802a718        0x8 ./X-CUBE-AI/App/network.o
 .rodata.__compound_literal.18
                0x0802a720        0x4 ./X-CUBE-AI/App/network.o
 .rodata.__compound_literal.19
                0x0802a724        0x1 ./X-CUBE-AI/App/network.o
 *fill*         0x0802a725        0x3 
 .rodata.__compound_literal.20
                0x0802a728        0x8 ./X-CUBE-AI/App/network.o
 .rodata.gemm_8_output_array_intq
                0x0802a730        0x8 ./X-CUBE-AI/App/network.o
 .rodata.__compound_literal.21
                0x0802a738       0x60 ./X-CUBE-AI/App/network.o
 .rodata.__compound_literal.22
                0x0802a798       0x18 ./X-CUBE-AI/App/network.o
 .rodata.__compound_literal.23
                0x0802a7b0        0x8 ./X-CUBE-AI/App/network.o
 .rodata.gemm_8_weights_array_intq
                0x0802a7b8        0x8 ./X-CUBE-AI/App/network.o
 .rodata.__compound_literal.24
                0x0802a7c0        0x4 ./X-CUBE-AI/App/network.o
 .rodata.__compound_literal.25
                0x0802a7c4        0x1 ./X-CUBE-AI/App/network.o
 *fill*         0x0802a7c5        0x3 
 .rodata.__compound_literal.26
                0x0802a7c8        0x8 ./X-CUBE-AI/App/network.o
 .rodata.gemm_9_output_array_intq
                0x0802a7d0        0x8 ./X-CUBE-AI/App/network.o
 .rodata.__compound_literal.27
                0x0802a7d8        0xc ./X-CUBE-AI/App/network.o
 .rodata.__compound_literal.28
                0x0802a7e4        0x3 ./X-CUBE-AI/App/network.o
 *fill*         0x0802a7e7        0x1 
 .rodata.__compound_literal.29
                0x0802a7e8        0x8 ./X-CUBE-AI/App/network.o
 .rodata.gemm_9_weights_array_intq
                0x0802a7f0        0x8 ./X-CUBE-AI/App/network.o
 .rodata.__compound_literal.30
                0x0802a7f8        0x4 ./X-CUBE-AI/App/network.o
 .rodata.__compound_literal.31
                0x0802a7fc        0x1 ./X-CUBE-AI/App/network.o
 *fill*         0x0802a7fd        0x3 
 .rodata.__compound_literal.32
                0x0802a800        0x8 ./X-CUBE-AI/App/network.o
 .rodata.nl_10_output_array_intq
                0x0802a808        0x8 ./X-CUBE-AI/App/network.o
 .rodata.__compound_literal.33
                0x0802a810        0x4 ./X-CUBE-AI/App/network.o
 .rodata.__compound_literal.34
                0x0802a814        0x1 ./X-CUBE-AI/App/network.o
 *fill*         0x0802a815        0x3 
 .rodata.__compound_literal.35
                0x0802a818        0x8 ./X-CUBE-AI/App/network.o
 .rodata.serving_default_keras_tensor0_output_array_intq
                0x0802a820        0x8 ./X-CUBE-AI/App/network.o
 .rodata.nl_10_nl_params_data
                0x0802a828        0xc ./X-CUBE-AI/App/network.o
 .rodata.nl_10_nl_params
                0x0802a834       0x10 ./X-CUBE-AI/App/network.o
 .rodata.nl_10_chain
                0x0802a844        0x8 ./X-CUBE-AI/App/network.o
 .rodata.gemm_9_chain
                0x0802a84c        0x8 ./X-CUBE-AI/App/network.o
 .rodata.gemm_8_chain
                0x0802a854        0x8 ./X-CUBE-AI/App/network.o
 .rodata.conv2d_2_chain
                0x0802a85c        0x8 ./X-CUBE-AI/App/network.o
 .rodata.conv2d_0_chain
                0x0802a864        0x8 ./X-CUBE-AI/App/network.o
 *fill*         0x0802a86c       0x14 
 .rodata.s_network_weights_array_u64
                0x0802a880     0x71e0 ./X-CUBE-AI/App/network_data_params.o
                0x0802a880                s_network_weights_array_u64
 .rodata._vfprintf_r.str1.1
                0x08031a60       0x11 D:/STM32CubeIDE_1.16.0/STM32CubeIDE/plugins/com.st.stm32cube.ide.mcu.externaltools.gnu-tools-for-stm32.12.3.rel1.win32_1.0.200.202406191623/tools/bin/../lib/gcc/arm-none-eabi/12.3.1/../../../../arm-none-eabi/lib/thumb/v7e-m+fp/hard\libc_nano.a(libc_a-nano-vfprintf.o)
 .rodata._printf_i.str1.1
                0x08031a71       0x22 D:/STM32CubeIDE_1.16.0/STM32CubeIDE/plugins/com.st.stm32cube.ide.mcu.externaltools.gnu-tools-for-stm32.12.3.rel1.win32_1.0.200.202406191623/tools/bin/../lib/gcc/arm-none-eabi/12.3.1/../../../../arm-none-eabi/lib/thumb/v7e-m+fp/hard\libc_nano.a(libc_a-nano-vfprintf_i.o)
 .rodata.logf.str1.1
                0x08031a93       0x22 D:/STM32CubeIDE_1.16.0/STM32CubeIDE/plugins/com.st.stm32cube.ide.mcu.externaltools.gnu-tools-for-stm32.12.3.rel1.win32_1.0.200.202406191623/tools/bin/../lib/gcc/arm-none-eabi/12.3.1/../../../../arm-none-eabi/lib/thumb/v7e-m+fp/hard\libm.a(libm_a-wf_log.o)
                                  0x1 (size before relaxing)
 *fill*         0x08031a93        0x1 
 .rodata.TWO23  0x08031a94        0x8 D:/STM32CubeIDE_1.16.0/STM32CubeIDE/plugins/com.st.stm32cube.ide.mcu.externaltools.gnu-tools-for-stm32.12.3.rel1.win32_1.0.200.202406191623/tools/bin/../lib/gcc/arm-none-eabi/12.3.1/../../../../arm-none-eabi/lib/thumb/v7e-m+fp/hard\libm.a(libm_a-sf_lrint.o)
 .rodata.npio2_hw
                0x08031a9c       0x80 D:/STM32CubeIDE_1.16.0/STM32CubeIDE/plugins/com.st.stm32cube.ide.mcu.externaltools.gnu-tools-for-stm32.12.3.rel1.win32_1.0.200.202406191623/tools/bin/../lib/gcc/arm-none-eabi/12.3.1/../../../../arm-none-eabi/lib/thumb/v7e-m+fp/hard\libm.a(libm_a-ef_rem_pio2.o)
 .rodata.two_over_pi
                0x08031b1c      0x318 D:/STM32CubeIDE_1.16.0/STM32CubeIDE/plugins/com.st.stm32cube.ide.mcu.externaltools.gnu-tools-for-stm32.12.3.rel1.win32_1.0.200.202406191623/tools/bin/../lib/gcc/arm-none-eabi/12.3.1/../../../../arm-none-eabi/lib/thumb/v7e-m+fp/hard\libm.a(libm_a-ef_rem_pio2.o)
 .rodata.PIo2   0x08031e34       0x2c D:/STM32CubeIDE_1.16.0/STM32CubeIDE/plugins/com.st.stm32cube.ide.mcu.externaltools.gnu-tools-for-stm32.12.3.rel1.win32_1.0.200.202406191623/tools/bin/../lib/gcc/arm-none-eabi/12.3.1/../../../../arm-none-eabi/lib/thumb/v7e-m+fp/hard\libm.a(libm_a-kf_rem_pio2.o)
 .rodata.init_jk
                0x08031e60        0xc D:/STM32CubeIDE_1.16.0/STM32CubeIDE/plugins/com.st.stm32cube.ide.mcu.externaltools.gnu-tools-for-stm32.12.3.rel1.win32_1.0.200.202406191623/tools/bin/../lib/gcc/arm-none-eabi/12.3.1/../../../../arm-none-eabi/lib/thumb/v7e-m+fp/hard\libm.a(libm_a-kf_rem_pio2.o)
                0x08031e6c                        . = ALIGN (0x4)

.ARM.extab      0x08031e6c        0x0
                0x08031e6c                        . = ALIGN (0x4)
 *(.ARM.extab* .gnu.linkonce.armextab.*)
                0x08031e6c                        . = ALIGN (0x4)

.ARM            0x08031e6c        0x8
                0x08031e6c                        . = ALIGN (0x4)
                0x08031e6c                        __exidx_start = .
 *(.ARM.exidx*)
 .ARM.exidx     0x08031e6c        0x8 D:/STM32CubeIDE_1.16.0/STM32CubeIDE/plugins/com.st.stm32cube.ide.mcu.externaltools.gnu-tools-for-stm32.12.3.rel1.win32_1.0.200.202406191623/tools/bin/../lib/gcc/arm-none-eabi/12.3.1/../../../../arm-none-eabi/lib/thumb/v7e-m+fp/hard\libc_nano.a(libc_a-memchr.o)
 .ARM.exidx     0x08031e74        0x0 D:/STM32CubeIDE_1.16.0/STM32CubeIDE/plugins/com.st.stm32cube.ide.mcu.externaltools.gnu-tools-for-stm32.12.3.rel1.win32_1.0.200.202406191623/tools/bin/../lib/gcc/arm-none-eabi/12.3.1/thumb/v7e-m+fp/hard\libgcc.a(_udivmoddi4.o)
                                  0x8 (size before relaxing)
                0x08031e74                        __exidx_end = .
                0x08031e74                        . = ALIGN (0x4)

.preinit_array  0x08031e74        0x0
                0x08031e74                        . = ALIGN (0x4)
                0x08031e74                        PROVIDE (__preinit_array_start = .)
 *(.preinit_array*)
                0x08031e74                        PROVIDE (__preinit_array_end = .)
                0x08031e74                        . = ALIGN (0x4)

.init_array     0x08031e74        0x4
                0x08031e74                        . = ALIGN (0x4)
                0x08031e74                        PROVIDE (__init_array_start = .)
 *(SORT_BY_NAME(.init_array.*))
 *(.init_array*)
 .init_array    0x08031e74        0x4 D:/STM32CubeIDE_1.16.0/STM32CubeIDE/plugins/com.st.stm32cube.ide.mcu.externaltools.gnu-tools-for-stm32.12.3.rel1.win32_1.0.200.202406191623/tools/bin/../lib/gcc/arm-none-eabi/12.3.1/thumb/v7e-m+fp/hard/crtbegin.o
                0x08031e78                        PROVIDE (__init_array_end = .)
                0x08031e78                        . = ALIGN (0x4)

.fini_array     0x08031e78        0x4
                0x08031e78                        . = ALIGN (0x4)
                [!provide]                        PROVIDE (__fini_array_start = .)
 *(SORT_BY_NAME(.fini_array.*))
 *(.fini_array*)
 .fini_array    0x08031e78        0x4 D:/STM32CubeIDE_1.16.0/STM32CubeIDE/plugins/com.st.stm32cube.ide.mcu.externaltools.gnu-tools-for-stm32.12.3.rel1.win32_1.0.200.202406191623/tools/bin/../lib/gcc/arm-none-eabi/12.3.1/thumb/v7e-m+fp/hard/crtbegin.o
                [!provide]                        PROVIDE (__fini_array_end = .)
                0x08031e7c                        . = ALIGN (0x4)
                0x08031e7c                        _sidata = LOADADDR (.data)

.rel.dyn        0x08031e7c        0x0
 .rel.iplt      0x08031e7c        0x0 D:/STM32CubeIDE_1.16.0/STM32CubeIDE/plugins/com.st.stm32cube.ide.mcu.externaltools.gnu-tools-for-stm32.12.3.rel1.win32_1.0.200.202406191623/tools/bin/../lib/gcc/arm-none-eabi/12.3.1/thumb/v7e-m+fp/hard/crtbegin.o

.data           0x20000000      0xae8 load address 0x08031e7c
                0x20000000                        . = ALIGN (0x4)
                0x20000000                        _sdata = .
 *(.data)
 *(.data*)
 .data.SystemCoreClock
                0x20000000        0x4 ./Core/Src/system_stm32f7xx.o
                0x20000000                SystemCoreClock
 .data.wm8994_drv
                0x20000004       0x30 ./Drivers/BSP/Components/wm8994/wm8994.o
                0x20000004                wm8994_drv
 .data.ColdStartup
                0x20000034        0x1 ./Drivers/BSP/Components/wm8994/wm8994.o
 *fill*         0x20000035        0x3 
 .data.uwTickPrio
                0x20000038        0x4 ./Drivers/STM32F7xx_HAL_Driver/Src/stm32f7xx_hal.o
                0x20000038                uwTickPrio
 .data.uwTickFreq
                0x2000003c        0x1 ./Drivers/STM32F7xx_HAL_Driver/Src/stm32f7xx_hal.o
                0x2000003c                uwTickFreq
 *fill*         0x2000003d        0x3 
 .data.data_activations0
                0x20000040        0x4 ./X-CUBE-AI/App/app_x-cube-ai.o
                0x20000040                data_activations0
 .data.dbg_pred
                0x20000044        0x1 ./X-CUBE-AI/App/app_x-cube-ai.o
                0x20000044                dbg_pred
 *fill*         0x20000045        0x3 
 .data.serving_default_keras_tensor0_output_array
                0x20000048       0x10 ./X-CUBE-AI/App/network.o
 .data.conv2d_0_output_array
                0x20000058       0x10 ./X-CUBE-AI/App/network.o
 .data.conv2d_2_output_array
                0x20000068       0x10 ./X-CUBE-AI/App/network.o
 .data.gemm_8_output_array
                0x20000078       0x10 ./X-CUBE-AI/App/network.o
 .data.gemm_9_output_array
                0x20000088       0x10 ./X-CUBE-AI/App/network.o
 .data.nl_10_output_array
                0x20000098       0x10 ./X-CUBE-AI/App/network.o
 .data.conv2d_0_weights_array
                0x200000a8       0x10 ./X-CUBE-AI/App/network.o
 .data.conv2d_0_bias_array
                0x200000b8       0x10 ./X-CUBE-AI/App/network.o
 .data.conv2d_2_weights_array
                0x200000c8       0x10 ./X-CUBE-AI/App/network.o
 .data.conv2d_2_bias_array
                0x200000d8       0x10 ./X-CUBE-AI/App/network.o
 .data.gemm_8_weights_array
                0x200000e8       0x10 ./X-CUBE-AI/App/network.o
 .data.gemm_8_bias_array
                0x200000f8       0x10 ./X-CUBE-AI/App/network.o
 .data.gemm_9_weights_array
                0x20000108       0x10 ./X-CUBE-AI/App/network.o
 .data.gemm_9_bias_array
                0x20000118       0x10 ./X-CUBE-AI/App/network.o
 .data.conv2d_0_scratch0_array
                0x20000128       0x10 ./X-CUBE-AI/App/network.o
 .data.conv2d_0_scratch1_array
                0x20000138       0x10 ./X-CUBE-AI/App/network.o
 .data.conv2d_2_scratch0_array
                0x20000148       0x10 ./X-CUBE-AI/App/network.o
 .data.conv2d_2_scratch1_array
                0x20000158       0x10 ./X-CUBE-AI/App/network.o
 .data.gemm_8_scratch0_array
                0x20000168       0x10 ./X-CUBE-AI/App/network.o
 .data.gemm_9_scratch0_array
                0x20000178       0x10 ./X-CUBE-AI/App/network.o
 .data.nl_10_scratch0_array
                0x20000188       0x10 ./X-CUBE-AI/App/network.o
 .data.__compound_literal.36
                0x20000198       0x10 ./X-CUBE-AI/App/network.o
 .data.__compound_literal.37
                0x200001a8       0x10 ./X-CUBE-AI/App/network.o
 .data.conv2d_0_bias
                0x200001b8       0x1c ./X-CUBE-AI/App/network.o
 .data.__compound_literal.38
                0x200001d4       0x10 ./X-CUBE-AI/App/network.o
 .data.__compound_literal.39
                0x200001e4       0x10 ./X-CUBE-AI/App/network.o
 .data.conv2d_0_output
                0x200001f4       0x1c ./X-CUBE-AI/App/network.o
 .data.__compound_literal.40
                0x20000210       0x10 ./X-CUBE-AI/App/network.o
 .data.__compound_literal.41
                0x20000220       0x10 ./X-CUBE-AI/App/network.o
 .data.conv2d_0_scratch0
                0x20000230       0x1c ./X-CUBE-AI/App/network.o
 .data.__compound_literal.42
                0x2000024c       0x10 ./X-CUBE-AI/App/network.o
 .data.__compound_literal.43
                0x2000025c       0x10 ./X-CUBE-AI/App/network.o
 .data.conv2d_0_scratch1
                0x2000026c       0x1c ./X-CUBE-AI/App/network.o
 .data.__compound_literal.44
                0x20000288       0x10 ./X-CUBE-AI/App/network.o
 .data.__compound_literal.45
                0x20000298       0x10 ./X-CUBE-AI/App/network.o
 .data.conv2d_0_weights
                0x200002a8       0x1c ./X-CUBE-AI/App/network.o
 .data.__compound_literal.46
                0x200002c4       0x10 ./X-CUBE-AI/App/network.o
 .data.__compound_literal.47
                0x200002d4       0x10 ./X-CUBE-AI/App/network.o
 .data.conv2d_2_bias
                0x200002e4       0x1c ./X-CUBE-AI/App/network.o
 .data.__compound_literal.48
                0x20000300       0x10 ./X-CUBE-AI/App/network.o
 .data.__compound_literal.49
                0x20000310       0x10 ./X-CUBE-AI/App/network.o
 .data.conv2d_2_output
                0x20000320       0x1c ./X-CUBE-AI/App/network.o
 .data.__compound_literal.50
                0x2000033c       0x10 ./X-CUBE-AI/App/network.o
 .data.__compound_literal.51
                0x2000034c       0x10 ./X-CUBE-AI/App/network.o
 .data.conv2d_2_output0
                0x2000035c       0x1c ./X-CUBE-AI/App/network.o
 .data.__compound_literal.52
                0x20000378       0x10 ./X-CUBE-AI/App/network.o
 .data.__compound_literal.53
                0x20000388       0x10 ./X-CUBE-AI/App/network.o
 .data.conv2d_2_scratch0
                0x20000398       0x1c ./X-CUBE-AI/App/network.o
 .data.__compound_literal.54
                0x200003b4       0x10 ./X-CUBE-AI/App/network.o
 .data.__compound_literal.55
                0x200003c4       0x10 ./X-CUBE-AI/App/network.o
 .data.conv2d_2_scratch1
                0x200003d4       0x1c ./X-CUBE-AI/App/network.o
 .data.__compound_literal.56
                0x200003f0       0x10 ./X-CUBE-AI/App/network.o
 .data.__compound_literal.57
                0x20000400       0x10 ./X-CUBE-AI/App/network.o
 .data.conv2d_2_weights
                0x20000410       0x1c ./X-CUBE-AI/App/network.o
 .data.__compound_literal.58
                0x2000042c       0x10 ./X-CUBE-AI/App/network.o
 .data.__compound_literal.59
                0x2000043c       0x10 ./X-CUBE-AI/App/network.o
 .data.gemm_8_bias
                0x2000044c       0x1c ./X-CUBE-AI/App/network.o
 .data.__compound_literal.60
                0x20000468       0x10 ./X-CUBE-AI/App/network.o
 .data.__compound_literal.61
                0x20000478       0x10 ./X-CUBE-AI/App/network.o
 .data.gemm_8_output
                0x20000488       0x1c ./X-CUBE-AI/App/network.o
 .data.__compound_literal.62